Component: Arm Compiler for Embedded 6.21 Tool: armlink [5ec1fa00]

==============================================================================

Section Cross References

    main.o(.text.main) refers to pll.o(.text.pll_init) for pll_init
    main.o(.text.main) refers to gpio.o(.text.gpio_portf_init) for gpio_portf_init
    main.o(.text.main) refers to uart.o(.text.uart0_init) for uart0_init
    main.o(.text.main) refers to i2c.o(.text.i2c0_init) for i2c0_init
    main.o(.text.main) refers to systick.o(.text.systick_init) for systick_init
    main.o(.text.main) refers to main.o(.rodata.str1.1) for .L.str
    main.o(.text.main) refers to uart.o(.text.uart0_tx_string) for uart0_tx_string
    main.o(.text.main) refers to bme280.o(.text.bme280_init) for bme280_init
    main.o(.text.main) refers to uart.o(.text.uart0_tx_uint8_hex) for uart0_tx_uint8_hex
    main.o(.text.main) refers to bme280.o(.text.bme280_config) for bme280_config
    main.o(.text.main) refers to systick.o(.text.systick_delay_ms) for systick_delay_ms
    main.o(.text.main) refers to bme280.o(.text.read_temperature) for read_temperature
    main.o(.text.main) refers to uart.o(.text.uart0_tx_int32) for uart0_tx_int32
    main.o(.text.main) refers to bme280.o(.text.read_pressure) for read_pressure
    main.o(.text.main) refers to bme280.o(.text.read_humidity) for read_humidity
    main.o(.ARM.exidx.text.main) refers to main.o(.text.main) for [Anonymous Symbol]
    uart.o(.ARM.exidx.text.uart0_init) refers to uart.o(.text.uart0_init) for [Anonymous Symbol]
    uart.o(.text.uart0_receive) refers to uart.o(.bss.rx_head) for rx_head
    uart.o(.text.uart0_receive) refers to uart.o(.bss.rx_tail) for rx_tail
    uart.o(.text.uart0_receive) refers to uart.o(.bss.rx_buffer) for rx_buffer
    uart.o(.ARM.exidx.text.uart0_receive) refers to uart.o(.text.uart0_receive) for [Anonymous Symbol]
    uart.o(.ARM.exidx.text.uart0_transmit) refers to uart.o(.text.uart0_transmit) for [Anonymous Symbol]
    uart.o(.text.uart0_tx_string) refers to uart.o(.text.uart0_transmit) for uart0_transmit
    uart.o(.ARM.exidx.text.uart0_tx_string) refers to uart.o(.text.uart0_tx_string) for [Anonymous Symbol]
    uart.o(.text.UART0_Handler) refers to uart.o(.bss.rx_head) for rx_head
    uart.o(.text.UART0_Handler) refers to uart.o(.bss.rx_tail) for rx_tail
    uart.o(.text.UART0_Handler) refers to uart.o(.bss.rx_buffer) for rx_buffer
    uart.o(.ARM.exidx.text.UART0_Handler) refers to uart.o(.text.UART0_Handler) for [Anonymous Symbol]
    uart.o(.text.uart0_tx_uint8_hex) refers to uart.o(.rodata.str1.1) for .L.str
    uart.o(.text.uart0_tx_uint8_hex) refers to uart.o(.text.uart0_tx_string) for uart0_tx_string
    uart.o(.text.uart0_tx_uint8_hex) refers to uart.o(.text.uart0_transmit) for uart0_transmit
    uart.o(.ARM.exidx.text.uart0_tx_uint8_hex) refers to uart.o(.text.uart0_tx_uint8_hex) for [Anonymous Symbol]
    uart.o(.text.uart0_tx_int32) refers to uart.o(.text.uart0_transmit) for uart0_transmit
    uart.o(.text.uart0_tx_int32) refers to uart.o(.rodata.str1.1) for .L.str.1
    uart.o(.ARM.exidx.text.uart0_tx_int32) refers to uart.o(.text.uart0_tx_int32) for [Anonymous Symbol]
    gpio.o(.ARM.exidx.text.gpio_portf_init) refers to gpio.o(.text.gpio_portf_init) for [Anonymous Symbol]
    i2c.o(.ARM.exidx.text.i2c0_init) refers to i2c.o(.text.i2c0_init) for [Anonymous Symbol]
    i2c.o(.ARM.exidx.text.i2c0_wait_for_completion) refers to i2c.o(.text.i2c0_wait_for_completion) for [Anonymous Symbol]
    i2c.o(.ARM.exidx.text.i2c0_reset) refers to i2c.o(.text.i2c0_reset) for [Anonymous Symbol]
    i2c.o(.text.read_device_id) refers to i2c.o(.text.i2c0_reset) for i2c0_reset
    i2c.o(.text.read_device_id) refers to i2c.o(.text.i2c0_wait_for_completion) for i2c0_wait_for_completion
    i2c.o(.ARM.exidx.text.read_device_id) refers to i2c.o(.text.read_device_id) for [Anonymous Symbol]
    i2c.o(.text.i2c0_write_multiple_bytes) refers to i2c.o(.text.i2c0_reset) for i2c0_reset
    i2c.o(.text.i2c0_write_multiple_bytes) refers to i2c.o(.text.i2c0_wait_for_completion) for i2c0_wait_for_completion
    i2c.o(.ARM.exidx.text.i2c0_write_multiple_bytes) refers to i2c.o(.text.i2c0_write_multiple_bytes) for [Anonymous Symbol]
    i2c.o(.text.i2c0_read_multiple_bytes) refers to i2c.o(.text.i2c0_reset) for i2c0_reset
    i2c.o(.text.i2c0_read_multiple_bytes) refers to i2c.o(.text.i2c0_wait_for_completion) for i2c0_wait_for_completion
    i2c.o(.ARM.exidx.text.i2c0_read_multiple_bytes) refers to i2c.o(.text.i2c0_read_multiple_bytes) for [Anonymous Symbol]
    pll.o(.ARM.exidx.text.pll_init) refers to pll.o(.text.pll_init) for [Anonymous Symbol]
    systick.o(.ARM.exidx.text.systick_init) refers to systick.o(.text.systick_init) for [Anonymous Symbol]
    systick.o(.ARM.exidx.text.systick_wait) refers to systick.o(.text.systick_wait) for [Anonymous Symbol]
    systick.o(.text.systick_delay_ms) refers to systick.o(.text.systick_wait) for systick_wait
    systick.o(.ARM.exidx.text.systick_delay_ms) refers to systick.o(.text.systick_delay_ms) for [Anonymous Symbol]
    bme280.o(.text.bme280_init) refers to i2c.o(.text.i2c0_write_multiple_bytes) for i2c0_write_multiple_bytes
    bme280.o(.text.bme280_init) refers to bme280.o(.rodata.str1.1) for .L.str
    bme280.o(.text.bme280_init) refers to uart.o(.text.uart0_tx_string) for uart0_tx_string
    bme280.o(.text.bme280_init) refers to i2c.o(.text.read_device_id) for read_device_id
    bme280.o(.ARM.exidx.text.bme280_init) refers to bme280.o(.text.bme280_init) for [Anonymous Symbol]
    bme280.o(.text.bme280_config) refers to i2c.o(.text.i2c0_write_multiple_bytes) for i2c0_write_multiple_bytes
    bme280.o(.ARM.exidx.text.bme280_config) refers to bme280.o(.text.bme280_config) for [Anonymous Symbol]
    bme280.o(.text.read_temperature) refers to bme280.o(.text.bme280_read_udata) for bme280_read_udata
    bme280.o(.text.read_temperature) refers to bme280.o(.text.bme280_read_calib_coeff) for bme280_read_calib_coeff
    bme280.o(.text.read_temperature) refers to bme280.o(.text.bme280_compensate_T_int32) for bme280_compensate_T_int32
    bme280.o(.ARM.exidx.text.read_temperature) refers to bme280.o(.text.read_temperature) for [Anonymous Symbol]
    bme280.o(.text.bme280_read_udata) refers to i2c.o(.text.i2c0_read_multiple_bytes) for i2c0_read_multiple_bytes
    bme280.o(.ARM.exidx.text.bme280_read_udata) refers to bme280.o(.text.bme280_read_udata) for [Anonymous Symbol]
    bme280.o(.text.bme280_read_calib_coeff) refers to bme280.o(.text.bme280_read_temp_calib_data) for bme280_read_temp_calib_data
    bme280.o(.text.bme280_read_calib_coeff) refers to bme280.o(.text.bme280_read_pres_calib_data) for bme280_read_pres_calib_data
    bme280.o(.text.bme280_read_calib_coeff) refers to bme280.o(.text.bme280_read_humid_calib_data) for bme280_read_humid_calib_data
    bme280.o(.text.bme280_read_calib_coeff) refers to bme280.o(.bss.dig_T1) for dig_T1
    bme280.o(.text.bme280_read_calib_coeff) refers to bme280.o(.bss.dig_T2) for dig_T2
    bme280.o(.text.bme280_read_calib_coeff) refers to bme280.o(.bss.dig_T3) for dig_T3
    bme280.o(.text.bme280_read_calib_coeff) refers to bme280.o(.bss.dig_P1) for dig_P1
    bme280.o(.text.bme280_read_calib_coeff) refers to bme280.o(.bss.dig_P2) for dig_P2
    bme280.o(.text.bme280_read_calib_coeff) refers to bme280.o(.bss.dig_P3) for dig_P3
    bme280.o(.text.bme280_read_calib_coeff) refers to bme280.o(.bss.dig_P4) for dig_P4
    bme280.o(.text.bme280_read_calib_coeff) refers to bme280.o(.bss.dig_P5) for dig_P5
    bme280.o(.text.bme280_read_calib_coeff) refers to bme280.o(.bss.dig_P6) for dig_P6
    bme280.o(.text.bme280_read_calib_coeff) refers to bme280.o(.bss.dig_P7) for dig_P7
    bme280.o(.text.bme280_read_calib_coeff) refers to bme280.o(.bss.dig_P8) for dig_P8
    bme280.o(.text.bme280_read_calib_coeff) refers to bme280.o(.bss.dig_P9) for dig_P9
    bme280.o(.text.bme280_read_calib_coeff) refers to bme280.o(.bss.dig_H1) for dig_H1
    bme280.o(.text.bme280_read_calib_coeff) refers to bme280.o(.bss.dig_H2) for dig_H2
    bme280.o(.text.bme280_read_calib_coeff) refers to bme280.o(.bss.dig_H3) for dig_H3
    bme280.o(.text.bme280_read_calib_coeff) refers to bme280.o(.bss.dig_H4) for dig_H4
    bme280.o(.text.bme280_read_calib_coeff) refers to bme280.o(.bss.dig_H5) for dig_H5
    bme280.o(.text.bme280_read_calib_coeff) refers to bme280.o(.bss.dig_H6) for dig_H6
    bme280.o(.ARM.exidx.text.bme280_read_calib_coeff) refers to bme280.o(.text.bme280_read_calib_coeff) for [Anonymous Symbol]
    bme280.o(.text.bme280_compensate_T_int32) refers to bme280.o(.bss.dig_T1) for dig_T1
    bme280.o(.text.bme280_compensate_T_int32) refers to bme280.o(.bss.dig_T2) for dig_T2
    bme280.o(.text.bme280_compensate_T_int32) refers to bme280.o(.bss.dig_T3) for dig_T3
    bme280.o(.text.bme280_compensate_T_int32) refers to bme280.o(.bss.t_fine) for t_fine
    bme280.o(.ARM.exidx.text.bme280_compensate_T_int32) refers to bme280.o(.text.bme280_compensate_T_int32) for [Anonymous Symbol]
    bme280.o(.text.read_pressure) refers to bme280.o(.text.bme280_read_udata) for bme280_read_udata
    bme280.o(.text.read_pressure) refers to bme280.o(.text.bme280_read_calib_coeff) for bme280_read_calib_coeff
    bme280.o(.text.read_pressure) refers to bme280.o(.text.bme280_compensate_P_int64) for bme280_compensate_P_int64
    bme280.o(.ARM.exidx.text.read_pressure) refers to bme280.o(.text.read_pressure) for [Anonymous Symbol]
    bme280.o(.text.bme280_compensate_P_int64) refers to bme280.o(.bss.t_fine) for t_fine
    bme280.o(.text.bme280_compensate_P_int64) refers to bme280.o(.bss.dig_P6) for dig_P6
    bme280.o(.text.bme280_compensate_P_int64) refers to bme280.o(.bss.dig_P5) for dig_P5
    bme280.o(.text.bme280_compensate_P_int64) refers to bme280.o(.bss.dig_P4) for dig_P4
    bme280.o(.text.bme280_compensate_P_int64) refers to bme280.o(.bss.dig_P3) for dig_P3
    bme280.o(.text.bme280_compensate_P_int64) refers to bme280.o(.bss.dig_P2) for dig_P2
    bme280.o(.text.bme280_compensate_P_int64) refers to bme280.o(.bss.dig_P1) for dig_P1
    bme280.o(.text.bme280_compensate_P_int64) refers to llsdiv.o(.text) for __aeabi_ldivmod
    bme280.o(.text.bme280_compensate_P_int64) refers to bme280.o(.bss.dig_P9) for dig_P9
    bme280.o(.text.bme280_compensate_P_int64) refers to bme280.o(.bss.dig_P8) for dig_P8
    bme280.o(.text.bme280_compensate_P_int64) refers to bme280.o(.bss.dig_P7) for dig_P7
    bme280.o(.ARM.exidx.text.bme280_compensate_P_int64) refers to bme280.o(.text.bme280_compensate_P_int64) for [Anonymous Symbol]
    bme280.o(.text.read_humidity) refers to bme280.o(.text.bme280_read_udata) for bme280_read_udata
    bme280.o(.text.read_humidity) refers to bme280.o(.text.bme280_read_calib_coeff) for bme280_read_calib_coeff
    bme280.o(.text.read_humidity) refers to bme280.o(.text.bme280_compensate_H_int32) for bme280_compensate_H_int32
    bme280.o(.ARM.exidx.text.read_humidity) refers to bme280.o(.text.read_humidity) for [Anonymous Symbol]
    bme280.o(.text.bme280_compensate_H_int32) refers to bme280.o(.bss.t_fine) for t_fine
    bme280.o(.text.bme280_compensate_H_int32) refers to bme280.o(.bss.dig_H4) for dig_H4
    bme280.o(.text.bme280_compensate_H_int32) refers to bme280.o(.bss.dig_H5) for dig_H5
    bme280.o(.text.bme280_compensate_H_int32) refers to bme280.o(.bss.dig_H6) for dig_H6
    bme280.o(.text.bme280_compensate_H_int32) refers to bme280.o(.bss.dig_H3) for dig_H3
    bme280.o(.text.bme280_compensate_H_int32) refers to bme280.o(.bss.dig_H2) for dig_H2
    bme280.o(.text.bme280_compensate_H_int32) refers to bme280.o(.bss.dig_H1) for dig_H1
    bme280.o(.ARM.exidx.text.bme280_compensate_H_int32) refers to bme280.o(.text.bme280_compensate_H_int32) for [Anonymous Symbol]
    bme280.o(.text.bme280_read_temp_calib_data) refers to i2c.o(.text.i2c0_read_multiple_bytes) for i2c0_read_multiple_bytes
    bme280.o(.ARM.exidx.text.bme280_read_temp_calib_data) refers to bme280.o(.text.bme280_read_temp_calib_data) for [Anonymous Symbol]
    bme280.o(.text.bme280_read_pres_calib_data) refers to i2c.o(.text.i2c0_read_multiple_bytes) for i2c0_read_multiple_bytes
    bme280.o(.ARM.exidx.text.bme280_read_pres_calib_data) refers to bme280.o(.text.bme280_read_pres_calib_data) for [Anonymous Symbol]
    bme280.o(.text.bme280_read_humid_calib_data) refers to i2c.o(.text.i2c0_read_multiple_bytes) for i2c0_read_multiple_bytes
    bme280.o(.ARM.exidx.text.bme280_read_humid_calib_data) refers to bme280.o(.text.bme280_read_humid_calib_data) for [Anonymous Symbol]
    startup_tm4c123.o(STACK) refers (Special) to heapauxi.o(.text) for __use_two_region_memory
    startup_tm4c123.o(HEAP) refers (Special) to heapauxi.o(.text) for __use_two_region_memory
    startup_tm4c123.o(RESET) refers (Special) to heapauxi.o(.text) for __use_two_region_memory
    startup_tm4c123.o(RESET) refers to startup_tm4c123.o(STACK) for __initial_sp
    startup_tm4c123.o(RESET) refers to startup_tm4c123.o(.text) for Reset_Handler
    startup_tm4c123.o(RESET) refers to uart.o(.text.UART0_Handler) for UART0_Handler
    startup_tm4c123.o(.text) refers (Special) to heapauxi.o(.text) for __use_two_region_memory
    startup_tm4c123.o(.text) refers to system_tm4c123.o(.text.SystemInit) for SystemInit
    startup_tm4c123.o(.text) refers to __main.o(!!!main) for __main
    startup_tm4c123.o(.text) refers to startup_tm4c123.o(HEAP) for Heap_Mem
    startup_tm4c123.o(.text) refers to startup_tm4c123.o(STACK) for Stack_Mem
    system_tm4c123.o(.text.SystemCoreClockUpdate) refers to system_tm4c123.o(.text.getOscClk) for getOscClk
    system_tm4c123.o(.text.SystemCoreClockUpdate) refers to system_tm4c123.o(.data.SystemCoreClock) for SystemCoreClock
    system_tm4c123.o(.ARM.exidx.text.SystemCoreClockUpdate) refers to system_tm4c123.o(.text.SystemCoreClockUpdate) for [Anonymous Symbol]
    system_tm4c123.o(.ARM.exidx.text.getOscClk) refers to system_tm4c123.o(.text.getOscClk) for [Anonymous Symbol]
    system_tm4c123.o(.ARM.exidx.text.SystemInit) refers to system_tm4c123.o(.text.SystemInit) for [Anonymous Symbol]
    llsdiv.o(.text) refers to lludivv7m.o(.text) for __aeabi_uldivmod
    __main.o(!!!main) refers to __rtentry.o(.ARM.Collect$$rtentry$$00000000) for __rt_entry
    __rtentry.o(.ARM.Collect$$rtentry$$00000000) refers (Special) to __rtentry2.o(.ARM.Collect$$rtentry$$0000000A) for __rt_entry_li
    __rtentry.o(.ARM.Collect$$rtentry$$00000000) refers (Special) to __rtentry2.o(.ARM.Collect$$rtentry$$0000000D) for __rt_entry_main
    __rtentry.o(.ARM.Collect$$rtentry$$00000000) refers (Special) to __rtentry2.o(.ARM.Collect$$rtentry$$0000000C) for __rt_entry_postli_1
    __rtentry.o(.ARM.Collect$$rtentry$$00000000) refers (Special) to __rtentry2.o(.ARM.Collect$$rtentry$$00000009) for __rt_entry_postsh_1
    __rtentry.o(.ARM.Collect$$rtentry$$00000000) refers (Special) to __rtentry2.o(.ARM.Collect$$rtentry$$00000002) for __rt_entry_presh_1
    __rtentry.o(.ARM.Collect$$rtentry$$00000000) refers (Special) to __rtentry4.o(.ARM.Collect$$rtentry$$00000004) for __rt_entry_sh
    aeabi_ldiv0_sigfpe.o(.text) refers to rt_div0.o(.text) for __rt_div0
    __rtentry2.o(.ARM.Collect$$rtentry$$00000008) refers to boardinit2.o(.text) for _platform_post_stackheap_init
    __rtentry2.o(.ARM.Collect$$rtentry$$0000000A) refers to libinit.o(.ARM.Collect$$libinit$$00000000) for __rt_lib_init
    __rtentry2.o(.ARM.Collect$$rtentry$$0000000B) refers to boardinit3.o(.text) for _platform_post_lib_init
    __rtentry2.o(.ARM.Collect$$rtentry$$0000000D) refers to main.o(.text.main) for main
    __rtentry2.o(.ARM.Collect$$rtentry$$0000000D) refers to exit.o(.text) for exit
    __rtentry2.o(.ARM.exidx) refers to __rtentry2.o(.ARM.Collect$$rtentry$$00000001) for .ARM.Collect$$rtentry$$00000001
    __rtentry2.o(.ARM.exidx) refers to __rtentry2.o(.ARM.Collect$$rtentry$$00000008) for .ARM.Collect$$rtentry$$00000008
    __rtentry2.o(.ARM.exidx) refers to __rtentry2.o(.ARM.Collect$$rtentry$$0000000A) for .ARM.Collect$$rtentry$$0000000A
    __rtentry2.o(.ARM.exidx) refers to __rtentry2.o(.ARM.Collect$$rtentry$$0000000B) for .ARM.Collect$$rtentry$$0000000B
    __rtentry2.o(.ARM.exidx) refers to __rtentry2.o(.ARM.Collect$$rtentry$$0000000D) for .ARM.Collect$$rtentry$$0000000D
    __rtentry4.o(.ARM.Collect$$rtentry$$00000004) refers to sys_stackheap_outer.o(.text) for __user_setup_stackheap
    __rtentry4.o(.ARM.exidx) refers to __rtentry4.o(.ARM.Collect$$rtentry$$00000004) for .ARM.Collect$$rtentry$$00000004
    rt_div0.o(.text) refers to defsig_fpe_outer.o(.text) for __rt_SIGFPE
    sys_stackheap_outer.o(.text) refers to libspace.o(.text) for __user_perproc_libspace
    sys_stackheap_outer.o(.text) refers to startup_tm4c123.o(.text) for __user_initial_stackheap
    exit.o(.text) refers to rtexit.o(.ARM.Collect$$rtexit$$00000000) for __rt_exit
    defsig_fpe_outer.o(.text) refers to defsig_fpe_inner.o(.text) for __rt_SIGFPE_inner
    defsig_fpe_outer.o(.text) refers to defsig_exit.o(.text) for __sig_exit
    defsig_fpe_formal.o(.text) refers to rt_raise.o(.text) for __rt_raise
    libinit.o(.ARM.Collect$$libinit$$00000000) refers (Special) to libinit2.o(.ARM.Collect$$libinit$$00000030) for __rt_lib_init_alloca_1
    libinit.o(.ARM.Collect$$libinit$$00000000) refers (Special) to libinit2.o(.ARM.Collect$$libinit$$0000002E) for __rt_lib_init_argv_1
    libinit.o(.ARM.Collect$$libinit$$00000000) refers (Special) to libinit2.o(.ARM.Collect$$libinit$$0000001D) for __rt_lib_init_atexit_1
    libinit.o(.ARM.Collect$$libinit$$00000000) refers (Special) to libinit2.o(.ARM.Collect$$libinit$$00000023) for __rt_lib_init_clock_1
    libinit.o(.ARM.Collect$$libinit$$00000000) refers (Special) to libinit2.o(.ARM.Collect$$libinit$$00000034) for __rt_lib_init_cpp_1
    libinit.o(.ARM.Collect$$libinit$$00000000) refers (Special) to libinit2.o(.ARM.Collect$$libinit$$00000032) for __rt_lib_init_exceptions_1
    libinit.o(.ARM.Collect$$libinit$$00000000) refers (Special) to libinit2.o(.ARM.Collect$$libinit$$00000001) for __rt_lib_init_fp_1
    libinit.o(.ARM.Collect$$libinit$$00000000) refers (Special) to libinit2.o(.ARM.Collect$$libinit$$00000021) for __rt_lib_init_fp_trap_1
    libinit.o(.ARM.Collect$$libinit$$00000000) refers (Special) to libinit2.o(.ARM.Collect$$libinit$$00000025) for __rt_lib_init_getenv_1
    libinit.o(.ARM.Collect$$libinit$$00000000) refers (Special) to libinit2.o(.ARM.Collect$$libinit$$0000000C) for __rt_lib_init_heap_1
    libinit.o(.ARM.Collect$$libinit$$00000000) refers (Special) to libinit2.o(.ARM.Collect$$libinit$$00000013) for __rt_lib_init_lc_collate_1
    libinit.o(.ARM.Collect$$libinit$$00000000) refers (Special) to libinit2.o(.ARM.Collect$$libinit$$00000015) for __rt_lib_init_lc_ctype_1
    libinit.o(.ARM.Collect$$libinit$$00000000) refers (Special) to libinit2.o(.ARM.Collect$$libinit$$00000017) for __rt_lib_init_lc_monetary_1
    libinit.o(.ARM.Collect$$libinit$$00000000) refers (Special) to libinit2.o(.ARM.Collect$$libinit$$00000019) for __rt_lib_init_lc_numeric_1
    libinit.o(.ARM.Collect$$libinit$$00000000) refers (Special) to libinit2.o(.ARM.Collect$$libinit$$0000001B) for __rt_lib_init_lc_time_1
    libinit.o(.ARM.Collect$$libinit$$00000000) refers (Special) to libinit2.o(.ARM.Collect$$libinit$$00000006) for __rt_lib_init_preinit_1
    libinit.o(.ARM.Collect$$libinit$$00000000) refers (Special) to libinit2.o(.ARM.Collect$$libinit$$00000010) for __rt_lib_init_rand_1
    libinit.o(.ARM.Collect$$libinit$$00000000) refers (Special) to libinit2.o(.ARM.Collect$$libinit$$00000004) for __rt_lib_init_relocate_pie_1
    libinit.o(.ARM.Collect$$libinit$$00000000) refers (Special) to libinit2.o(.ARM.Collect$$libinit$$00000035) for __rt_lib_init_return
    libinit.o(.ARM.Collect$$libinit$$00000000) refers (Special) to libinit2.o(.ARM.Collect$$libinit$$0000001F) for __rt_lib_init_signal_1
    libinit.o(.ARM.Collect$$libinit$$00000000) refers (Special) to libinit2.o(.ARM.Collect$$libinit$$00000027) for __rt_lib_init_stdio_1
    libinit.o(.ARM.Collect$$libinit$$00000000) refers (Special) to libinit2.o(.ARM.Collect$$libinit$$0000000E) for __rt_lib_init_user_alloc_1
    libspace.o(.text) refers to libspace.o(.bss) for __libspace_start
    rtexit.o(.ARM.Collect$$rtexit$$00000000) refers (Special) to rtexit2.o(.ARM.Collect$$rtexit$$00000004) for __rt_exit_exit
    rtexit.o(.ARM.Collect$$rtexit$$00000000) refers (Special) to rtexit2.o(.ARM.Collect$$rtexit$$00000003) for __rt_exit_ls
    rtexit.o(.ARM.Collect$$rtexit$$00000000) refers (Special) to rtexit2.o(.ARM.Collect$$rtexit$$00000002) for __rt_exit_prels_1
    rtexit.o(.ARM.exidx) refers (Special) to rtexit2.o(.ARM.Collect$$rtexit$$00000004) for __rt_exit_exit
    rtexit.o(.ARM.exidx) refers (Special) to rtexit2.o(.ARM.Collect$$rtexit$$00000003) for __rt_exit_ls
    rtexit.o(.ARM.exidx) refers (Special) to rtexit2.o(.ARM.Collect$$rtexit$$00000002) for __rt_exit_prels_1
    rtexit.o(.ARM.exidx) refers to rtexit.o(.ARM.Collect$$rtexit$$00000000) for .ARM.Collect$$rtexit$$00000000
    rt_raise.o(.text) refers to __raise.o(.text) for __raise
    rt_raise.o(.text) refers to sys_exit.o(.text) for _sys_exit
    defsig_exit.o(.text) refers to sys_exit.o(.text) for _sys_exit
    defsig_fpe_inner.o(.text) refers to defsig_general.o(.text) for __default_signal_display
    libinit2.o(.ARM.Collect$$libinit$$00000001) refers to fpinit.o(x$fpl$fpinit) for _fp_init
    libinit2.o(.ARM.Collect$$libinit$$00000012) refers to libinit2.o(.ARM.Collect$$libinit$$00000011) for .ARM.Collect$$libinit$$00000011
    libinit2.o(.ARM.Collect$$libinit$$00000014) refers to libinit2.o(.ARM.Collect$$libinit$$00000011) for .ARM.Collect$$libinit$$00000011
    libinit2.o(.ARM.Collect$$libinit$$00000016) refers to libinit2.o(.ARM.Collect$$libinit$$00000011) for .ARM.Collect$$libinit$$00000011
    libinit2.o(.ARM.Collect$$libinit$$00000018) refers to libinit2.o(.ARM.Collect$$libinit$$00000011) for .ARM.Collect$$libinit$$00000011
    libinit2.o(.ARM.Collect$$libinit$$0000001A) refers to libinit2.o(.ARM.Collect$$libinit$$00000011) for .ARM.Collect$$libinit$$00000011
    libinit2.o(.ARM.Collect$$libinit$$00000028) refers to argv_veneer.o(.emb_text) for __ARM_argv_veneer
    libinit2.o(.ARM.Collect$$libinit$$00000029) refers to argv_veneer.o(.emb_text) for __ARM_argv_veneer
    sys_exit.o(.text) refers (Special) to use_no_semi.o(.text) for __I$use$semihosting
    sys_exit.o(.text) refers (Special) to indicate_semi.o(.text) for __semihosting_library_function
    sys_exit_hlt.o(.text) refers (Special) to use_no_semi.o(.text) for __I$use$semihosting
    sys_exit_hlt.o(.text) refers (Special) to indicate_semi.o(.text) for __semihosting_library_function
    rtexit2.o(.ARM.Collect$$rtexit$$00000003) refers to libshutdown.o(.ARM.Collect$$libshutdown$$00000000) for __rt_lib_shutdown
    rtexit2.o(.ARM.Collect$$rtexit$$00000004) refers to sys_exit.o(.text) for _sys_exit
    rtexit2.o(.ARM.exidx) refers to rtexit2.o(.ARM.Collect$$rtexit$$00000001) for .ARM.Collect$$rtexit$$00000001
    rtexit2.o(.ARM.exidx) refers to rtexit2.o(.ARM.Collect$$rtexit$$00000003) for .ARM.Collect$$rtexit$$00000003
    rtexit2.o(.ARM.exidx) refers to rtexit2.o(.ARM.Collect$$rtexit$$00000004) for .ARM.Collect$$rtexit$$00000004
    __raise.o(.text) refers to defsig.o(CL$$defsig) for __default_signal_handler
    defsig_general.o(.text) refers to sys_wrch.o(.text) for _ttywrch
    argv_veneer.o(.emb_text) refers to no_argv.o(.text) for __ARM_get_argv
    sys_wrch.o(.text) refers (Special) to use_no_semi.o(.text) for __I$use$semihosting
    sys_wrch.o(.text) refers (Special) to indicate_semi.o(.text) for __semihosting_library_function
    sys_wrch_hlt.o(.text) refers (Special) to use_no_semi.o(.text) for __I$use$semihosting
    sys_wrch_hlt.o(.text) refers (Special) to indicate_semi.o(.text) for __semihosting_library_function
    defsig.o(CL$$defsig) refers to defsig_fpe_inner.o(.text) for __rt_SIGFPE_inner
    defsig.o(CL$$defsig) refers to defsig_rtmem_inner.o(.text) for __rt_SIGRTMEM_inner
    _get_argv_nomalloc.o(.text) refers (Special) to hrguard.o(.text) for __heap_region$guard
    _get_argv_nomalloc.o(.text) refers to defsig_rtmem_outer.o(.text) for __rt_SIGRTMEM
    _get_argv_nomalloc.o(.text) refers to sys_command.o(.text) for _sys_command_string
    libshutdown.o(.ARM.Collect$$libshutdown$$00000000) refers (Special) to libshutdown2.o(.ARM.Collect$$libshutdown$$00000002) for __rt_lib_shutdown_cpp_1
    libshutdown.o(.ARM.Collect$$libshutdown$$00000000) refers (Special) to libshutdown2.o(.ARM.Collect$$libshutdown$$00000007) for __rt_lib_shutdown_fp_trap_1
    libshutdown.o(.ARM.Collect$$libshutdown$$00000000) refers (Special) to libshutdown2.o(.ARM.Collect$$libshutdown$$0000000F) for __rt_lib_shutdown_heap_1
    libshutdown.o(.ARM.Collect$$libshutdown$$00000000) refers (Special) to libshutdown2.o(.ARM.Collect$$libshutdown$$00000010) for __rt_lib_shutdown_return
    libshutdown.o(.ARM.Collect$$libshutdown$$00000000) refers (Special) to libshutdown2.o(.ARM.Collect$$libshutdown$$0000000A) for __rt_lib_shutdown_signal_1
    libshutdown.o(.ARM.Collect$$libshutdown$$00000000) refers (Special) to libshutdown2.o(.ARM.Collect$$libshutdown$$00000004) for __rt_lib_shutdown_stdio_1
    libshutdown.o(.ARM.Collect$$libshutdown$$00000000) refers (Special) to libshutdown2.o(.ARM.Collect$$libshutdown$$0000000C) for __rt_lib_shutdown_user_alloc_1
    sys_command.o(.text) refers (Special) to use_no_semi.o(.text) for __I$use$semihosting
    sys_command.o(.text) refers (Special) to indicate_semi.o(.text) for __semihosting_library_function
    sys_command_hlt.o(.text) refers (Special) to use_no_semi.o(.text) for __I$use$semihosting
    sys_command_hlt.o(.text) refers (Special) to indicate_semi.o(.text) for __semihosting_library_function
    defsig_abrt_inner.o(.text) refers to defsig_general.o(.text) for __default_signal_display
    defsig_rtred_inner.o(.text) refers to defsig_general.o(.text) for __default_signal_display
    defsig_rtmem_inner.o(.text) refers to defsig_general.o(.text) for __default_signal_display
    defsig_rtmem_outer.o(.text) refers to defsig_rtmem_inner.o(.text) for __rt_SIGRTMEM_inner
    defsig_rtmem_outer.o(.text) refers to defsig_exit.o(.text) for __sig_exit
    defsig_rtmem_formal.o(.text) refers to rt_raise.o(.text) for __rt_raise
    defsig_stak_inner.o(.text) refers to defsig_general.o(.text) for __default_signal_display
    defsig_pvfn_inner.o(.text) refers to defsig_general.o(.text) for __default_signal_display
    defsig_cppl_inner.o(.text) refers to defsig_general.o(.text) for __default_signal_display
    defsig_segv_inner.o(.text) refers to defsig_general.o(.text) for __default_signal_display
    defsig_other.o(.text) refers to defsig_general.o(.text) for __default_signal_display


==============================================================================

Removing Unused input sections from the image.

    Removing main.o(.text), (0 bytes).
    Removing main.o(.ARM.exidx.text.main), (8 bytes).
    Removing main.o(.bss.buttonState), (1 bytes).
    Removing main.o(.bss.buttonPressed), (1 bytes).
    Removing main.o(.bss.buttonDebounced), (1 bytes).
    Removing main.o(.ARM.use_no_argv), (4 bytes).
    Removing uart.o(.text), (0 bytes).
    Removing uart.o(.ARM.exidx.text.uart0_init), (8 bytes).
    Removing uart.o(.text.uart0_receive), (88 bytes).
    Removing uart.o(.ARM.exidx.text.uart0_receive), (8 bytes).
    Removing uart.o(.ARM.exidx.text.uart0_transmit), (8 bytes).
    Removing uart.o(.ARM.exidx.text.uart0_tx_string), (8 bytes).
    Removing uart.o(.ARM.exidx.text.UART0_Handler), (8 bytes).
    Removing uart.o(.ARM.exidx.text.uart0_tx_uint8_hex), (8 bytes).
    Removing uart.o(.ARM.exidx.text.uart0_tx_int32), (8 bytes).
    Removing gpio.o(.text), (0 bytes).
    Removing gpio.o(.ARM.exidx.text.gpio_portf_init), (8 bytes).
    Removing i2c.o(.text), (0 bytes).
    Removing i2c.o(.ARM.exidx.text.i2c0_init), (8 bytes).
    Removing i2c.o(.ARM.exidx.text.i2c0_wait_for_completion), (8 bytes).
    Removing i2c.o(.ARM.exidx.text.i2c0_reset), (8 bytes).
    Removing i2c.o(.ARM.exidx.text.read_device_id), (8 bytes).
    Removing i2c.o(.ARM.exidx.text.i2c0_write_multiple_bytes), (8 bytes).
    Removing i2c.o(.ARM.exidx.text.i2c0_read_multiple_bytes), (8 bytes).
    Removing pll.o(.text), (0 bytes).
    Removing pll.o(.ARM.exidx.text.pll_init), (8 bytes).
    Removing systick.o(.text), (0 bytes).
    Removing systick.o(.ARM.exidx.text.systick_init), (8 bytes).
    Removing systick.o(.ARM.exidx.text.systick_wait), (8 bytes).
    Removing systick.o(.ARM.exidx.text.systick_delay_ms), (8 bytes).
    Removing bme280.o(.text), (0 bytes).
    Removing bme280.o(.ARM.exidx.text.bme280_init), (8 bytes).
    Removing bme280.o(.ARM.exidx.text.bme280_config), (8 bytes).
    Removing bme280.o(.ARM.exidx.text.read_temperature), (8 bytes).
    Removing bme280.o(.ARM.exidx.text.bme280_read_udata), (8 bytes).
    Removing bme280.o(.ARM.exidx.text.bme280_read_calib_coeff), (8 bytes).
    Removing bme280.o(.ARM.exidx.text.bme280_compensate_T_int32), (8 bytes).
    Removing bme280.o(.ARM.exidx.text.read_pressure), (8 bytes).
    Removing bme280.o(.ARM.exidx.text.bme280_compensate_P_int64), (8 bytes).
    Removing bme280.o(.ARM.exidx.text.read_humidity), (8 bytes).
    Removing bme280.o(.ARM.exidx.text.bme280_compensate_H_int32), (8 bytes).
    Removing bme280.o(.ARM.exidx.text.bme280_read_temp_calib_data), (8 bytes).
    Removing bme280.o(.ARM.exidx.text.bme280_read_pres_calib_data), (8 bytes).
    Removing bme280.o(.ARM.exidx.text.bme280_read_humid_calib_data), (8 bytes).
    Removing system_tm4c123.o(.text), (0 bytes).
    Removing system_tm4c123.o(.text.SystemCoreClockUpdate), (326 bytes).
    Removing system_tm4c123.o(.ARM.exidx.text.SystemCoreClockUpdate), (8 bytes).
    Removing system_tm4c123.o(.text.getOscClk), (360 bytes).
    Removing system_tm4c123.o(.ARM.exidx.text.getOscClk), (8 bytes).
    Removing system_tm4c123.o(.ARM.exidx.text.SystemInit), (8 bytes).
    Removing system_tm4c123.o(.data.SystemCoreClock), (4 bytes).

51 unused section(s) (total 1065 bytes) removed from the image.

==============================================================================

Image Symbol Table

    Local Symbols

    Symbol Name                              Value     Ov Type        Size  Object(Section)

    ../clib/angel/boardlib.s                 0x00000000   Number         0  boardinit1.o ABSOLUTE
    ../clib/angel/boardlib.s                 0x00000000   Number         0  boardinit2.o ABSOLUTE
    ../clib/angel/boardlib.s                 0x00000000   Number         0  boardinit3.o ABSOLUTE
    ../clib/angel/boardlib.s                 0x00000000   Number         0  boardshut.o ABSOLUTE
    ../clib/angel/handlers.s                 0x00000000   Number         0  __scatter_zi.o ABSOLUTE
    ../clib/angel/kernel.s                   0x00000000   Number         0  __rtentry.o ABSOLUTE
    ../clib/angel/kernel.s                   0x00000000   Number         0  __rtentry2.o ABSOLUTE
    ../clib/angel/kernel.s                   0x00000000   Number         0  __rtentry4.o ABSOLUTE
    ../clib/angel/kernel.s                   0x00000000   Number         0  rtexit.o ABSOLUTE
    ../clib/angel/kernel.s                   0x00000000   Number         0  rtexit2.o ABSOLUTE
    ../clib/angel/rt.s                       0x00000000   Number         0  aeabi_ldiv0.o ABSOLUTE
    ../clib/angel/rt.s                       0x00000000   Number         0  aeabi_ldiv0_sigfpe.o ABSOLUTE
    ../clib/angel/rt.s                       0x00000000   Number         0  rt_div0.o ABSOLUTE
    ../clib/angel/rt.s                       0x00000000   Number         0  rt_raise.o ABSOLUTE
    ../clib/angel/scatter.s                  0x00000000   Number         0  __scatter.o ABSOLUTE
    ../clib/angel/startup.s                  0x00000000   Number         0  __main.o ABSOLUTE
    ../clib/angel/sys.s                      0x00000000   Number         0  sys_stackheap_outer.o ABSOLUTE
    ../clib/angel/sys.s                      0x00000000   Number         0  libspace.o ABSOLUTE
    ../clib/angel/sys.s                      0x00000000   Number         0  use_no_semi.o ABSOLUTE
    ../clib/angel/sys.s                      0x00000000   Number         0  indicate_semi.o ABSOLUTE
    ../clib/angel/sysapp.c                   0x00000000   Number         0  sys_exit.o ABSOLUTE
    ../clib/angel/sysapp.c                   0x00000000   Number         0  sys_exit_hlt.o ABSOLUTE
    ../clib/angel/sysapp.c                   0x00000000   Number         0  sys_wrch.o ABSOLUTE
    ../clib/angel/sysapp.c                   0x00000000   Number         0  sys_wrch_hlt.o ABSOLUTE
    ../clib/angel/sysapp.c                   0x00000000   Number         0  sys_command.o ABSOLUTE
    ../clib/angel/sysapp.c                   0x00000000   Number         0  sys_command_hlt.o ABSOLUTE
    ../clib/armsys.c                         0x00000000   Number         0  argv_veneer.o ABSOLUTE
    ../clib/armsys.c                         0x00000000   Number         0  argv_veneer.o ABSOLUTE
    ../clib/armsys.c                         0x00000000   Number         0  _get_argv_nomalloc.o ABSOLUTE
    ../clib/armsys.c                         0x00000000   Number         0  no_argv.o ABSOLUTE
    ../clib/heapalloc.c                      0x00000000   Number         0  hrguard.o ABSOLUTE
    ../clib/heapaux.c                        0x00000000   Number         0  heapauxi.o ABSOLUTE
    ../clib/libinit.s                        0x00000000   Number         0  libinit.o ABSOLUTE
    ../clib/libinit.s                        0x00000000   Number         0  libinit2.o ABSOLUTE
    ../clib/libinit.s                        0x00000000   Number         0  libshutdown.o ABSOLUTE
    ../clib/libinit.s                        0x00000000   Number         0  libshutdown2.o ABSOLUTE
    ../clib/longlong.s                       0x00000000   Number         0  llsdiv.o ABSOLUTE
    ../clib/longlong.s                       0x00000000   Number         0  lludivv7m.o ABSOLUTE
    ../clib/signal.c                         0x00000000   Number         0  defsig_fpe_outer.o ABSOLUTE
    ../clib/signal.c                         0x00000000   Number         0  defsig_fpe_formal.o ABSOLUTE
    ../clib/signal.c                         0x00000000   Number         0  defsig_exit.o ABSOLUTE
    ../clib/signal.c                         0x00000000   Number         0  defsig_fpe_inner.o ABSOLUTE
    ../clib/signal.c                         0x00000000   Number         0  __raise.o ABSOLUTE
    ../clib/signal.c                         0x00000000   Number         0  defsig_general.o ABSOLUTE
    ../clib/signal.c                         0x00000000   Number         0  defsig_abrt_inner.o ABSOLUTE
    ../clib/signal.c                         0x00000000   Number         0  defsig_rtred_inner.o ABSOLUTE
    ../clib/signal.c                         0x00000000   Number         0  defsig_rtmem_inner.o ABSOLUTE
    ../clib/signal.c                         0x00000000   Number         0  defsig_rtmem_outer.o ABSOLUTE
    ../clib/signal.c                         0x00000000   Number         0  defsig_rtmem_formal.o ABSOLUTE
    ../clib/signal.c                         0x00000000   Number         0  defsig_stak_inner.o ABSOLUTE
    ../clib/signal.c                         0x00000000   Number         0  defsig_pvfn_inner.o ABSOLUTE
    ../clib/signal.c                         0x00000000   Number         0  defsig_cppl_inner.o ABSOLUTE
    ../clib/signal.c                         0x00000000   Number         0  defsig_segv_inner.o ABSOLUTE
    ../clib/signal.c                         0x00000000   Number         0  defsig_other.o ABSOLUTE
    ../clib/signal.s                         0x00000000   Number         0  defsig.o ABSOLUTE
    ../clib/stdlib.c                         0x00000000   Number         0  exit.o ABSOLUTE
    ../fplib/fpinit.s                        0x00000000   Number         0  fpinit.o ABSOLUTE
    I2C.c                                    0x00000000   Number         0  i2c.o ABSOLUTE
    PLL.c                                    0x00000000   Number         0  pll.o ABSOLUTE
    RTE/Device/TM4C123GH6PM/startup_TM4C123.s 0x00000000   Number         0  startup_tm4c123.o ABSOLUTE
    SysTick.c                                0x00000000   Number         0  systick.o ABSOLUTE
    UART.c                                   0x00000000   Number         0  uart.o ABSOLUTE
    bme280.c                                 0x00000000   Number         0  bme280.o ABSOLUTE
    dc.s                                     0x00000000   Number         0  dc.o ABSOLUTE
    gpio.c                                   0x00000000   Number         0  gpio.o ABSOLUTE
    main.c                                   0x00000000   Number         0  main.o ABSOLUTE
    system_TM4C123.c                         0x00000000   Number         0  system_tm4c123.o ABSOLUTE
    RESET                                    0x00000000   Section      620  startup_tm4c123.o(RESET)
    !!!main                                  0x0000026c   Section        8  __main.o(!!!main)
    !!!scatter                               0x00000274   Section       92  __scatter.o(!!!scatter)
    !!handler_null                           0x000002d0   Section        2  __scatter.o(!!handler_null)
    !!handler_zi                             0x000002d4   Section       28  __scatter_zi.o(!!handler_zi)
    .ARM.Collect$$libinit$$00000000          0x000002f0   Section        2  libinit.o(.ARM.Collect$$libinit$$00000000)
    .ARM.Collect$$libinit$$00000001          0x000002f2   Section        4  libinit2.o(.ARM.Collect$$libinit$$00000001)
    .ARM.Collect$$libinit$$00000004          0x000002f6   Section        0  libinit2.o(.ARM.Collect$$libinit$$00000004)
    .ARM.Collect$$libinit$$00000006          0x000002f6   Section        0  libinit2.o(.ARM.Collect$$libinit$$00000006)
    .ARM.Collect$$libinit$$0000000C          0x000002f6   Section        0  libinit2.o(.ARM.Collect$$libinit$$0000000C)
    .ARM.Collect$$libinit$$0000000E          0x000002f6   Section        0  libinit2.o(.ARM.Collect$$libinit$$0000000E)
    .ARM.Collect$$libinit$$00000010          0x000002f6   Section        0  libinit2.o(.ARM.Collect$$libinit$$00000010)
    .ARM.Collect$$libinit$$00000013          0x000002f6   Section        0  libinit2.o(.ARM.Collect$$libinit$$00000013)
    .ARM.Collect$$libinit$$00000015          0x000002f6   Section        0  libinit2.o(.ARM.Collect$$libinit$$00000015)
    .ARM.Collect$$libinit$$00000017          0x000002f6   Section        0  libinit2.o(.ARM.Collect$$libinit$$00000017)
    .ARM.Collect$$libinit$$00000019          0x000002f6   Section        0  libinit2.o(.ARM.Collect$$libinit$$00000019)
    .ARM.Collect$$libinit$$0000001B          0x000002f6   Section        0  libinit2.o(.ARM.Collect$$libinit$$0000001B)
    .ARM.Collect$$libinit$$0000001D          0x000002f6   Section        0  libinit2.o(.ARM.Collect$$libinit$$0000001D)
    .ARM.Collect$$libinit$$0000001F          0x000002f6   Section        0  libinit2.o(.ARM.Collect$$libinit$$0000001F)
    .ARM.Collect$$libinit$$00000021          0x000002f6   Section        0  libinit2.o(.ARM.Collect$$libinit$$00000021)
    .ARM.Collect$$libinit$$00000023          0x000002f6   Section        0  libinit2.o(.ARM.Collect$$libinit$$00000023)
    .ARM.Collect$$libinit$$00000025          0x000002f6   Section        0  libinit2.o(.ARM.Collect$$libinit$$00000025)
    .ARM.Collect$$libinit$$00000027          0x000002f6   Section        0  libinit2.o(.ARM.Collect$$libinit$$00000027)
    .ARM.Collect$$libinit$$0000002E          0x000002f6   Section        0  libinit2.o(.ARM.Collect$$libinit$$0000002E)
    .ARM.Collect$$libinit$$00000030          0x000002f6   Section        0  libinit2.o(.ARM.Collect$$libinit$$00000030)
    .ARM.Collect$$libinit$$00000032          0x000002f6   Section        0  libinit2.o(.ARM.Collect$$libinit$$00000032)
    .ARM.Collect$$libinit$$00000034          0x000002f6   Section        0  libinit2.o(.ARM.Collect$$libinit$$00000034)
    .ARM.Collect$$libinit$$00000035          0x000002f6   Section        2  libinit2.o(.ARM.Collect$$libinit$$00000035)
    .ARM.Collect$$libshutdown$$00000000      0x000002f8   Section        2  libshutdown.o(.ARM.Collect$$libshutdown$$00000000)
    .ARM.Collect$$libshutdown$$00000002      0x000002fa   Section        0  libshutdown2.o(.ARM.Collect$$libshutdown$$00000002)
    .ARM.Collect$$libshutdown$$00000004      0x000002fa   Section        0  libshutdown2.o(.ARM.Collect$$libshutdown$$00000004)
    .ARM.Collect$$libshutdown$$00000007      0x000002fa   Section        0  libshutdown2.o(.ARM.Collect$$libshutdown$$00000007)
    .ARM.Collect$$libshutdown$$0000000A      0x000002fa   Section        0  libshutdown2.o(.ARM.Collect$$libshutdown$$0000000A)
    .ARM.Collect$$libshutdown$$0000000C      0x000002fa   Section        0  libshutdown2.o(.ARM.Collect$$libshutdown$$0000000C)
    .ARM.Collect$$libshutdown$$0000000F      0x000002fa   Section        0  libshutdown2.o(.ARM.Collect$$libshutdown$$0000000F)
    .ARM.Collect$$libshutdown$$00000010      0x000002fa   Section        2  libshutdown2.o(.ARM.Collect$$libshutdown$$00000010)
    .ARM.Collect$$rtentry$$00000000          0x000002fc   Section        0  __rtentry.o(.ARM.Collect$$rtentry$$00000000)
    .ARM.Collect$$rtentry$$00000002          0x000002fc   Section        0  __rtentry2.o(.ARM.Collect$$rtentry$$00000002)
    .ARM.Collect$$rtentry$$00000004          0x000002fc   Section        6  __rtentry4.o(.ARM.Collect$$rtentry$$00000004)
    .ARM.Collect$$rtentry$$00000009          0x00000302   Section        0  __rtentry2.o(.ARM.Collect$$rtentry$$00000009)
    .ARM.Collect$$rtentry$$0000000A          0x00000302   Section        4  __rtentry2.o(.ARM.Collect$$rtentry$$0000000A)
    .ARM.Collect$$rtentry$$0000000C          0x00000306   Section        0  __rtentry2.o(.ARM.Collect$$rtentry$$0000000C)
    .ARM.Collect$$rtentry$$0000000D          0x00000306   Section        8  __rtentry2.o(.ARM.Collect$$rtentry$$0000000D)
    .ARM.Collect$$rtexit$$00000000           0x0000030e   Section        2  rtexit.o(.ARM.Collect$$rtexit$$00000000)
    .ARM.Collect$$rtexit$$00000002           0x00000310   Section        0  rtexit2.o(.ARM.Collect$$rtexit$$00000002)
    .ARM.Collect$$rtexit$$00000003           0x00000310   Section        4  rtexit2.o(.ARM.Collect$$rtexit$$00000003)
    .ARM.Collect$$rtexit$$00000004           0x00000314   Section        6  rtexit2.o(.ARM.Collect$$rtexit$$00000004)
    $v0                                      0x0000031c   Number         0  startup_tm4c123.o(.text)
    .text                                    0x0000031c   Section      276  startup_tm4c123.o(.text)
    .text                                    0x00000430   Section      116  llsdiv.o(.text)
    .text                                    0x000004a4   Section        0  heapauxi.o(.text)
    .text                                    0x000004aa   Section      240  lludivv7m.o(.text)
    .text                                    0x0000059a   Section       74  sys_stackheap_outer.o(.text)
    .text                                    0x000005e4   Section        0  exit.o(.text)
    .text                                    0x000005f8   Section        8  libspace.o(.text)
    .text                                    0x00000600   Section        0  sys_exit.o(.text)
    .text                                    0x0000060c   Section        2  use_no_semi.o(.text)
    .text                                    0x0000060e   Section        0  indicate_semi.o(.text)
    [Anonymous Symbol]                       0x00000610   Section        0  system_tm4c123.o(.text.SystemInit)
    [Anonymous Symbol]                       0x00000624   Section        0  uart.o(.text.UART0_Handler)
    bme280_compensate_H_int32                0x00000699   Thumb Code   218  bme280.o(.text.bme280_compensate_H_int32)
    [Anonymous Symbol]                       0x00000698   Section        0  bme280.o(.text.bme280_compensate_H_int32)
    bme280_compensate_P_int64                0x00000775   Thumb Code   536  bme280.o(.text.bme280_compensate_P_int64)
    [Anonymous Symbol]                       0x00000774   Section        0  bme280.o(.text.bme280_compensate_P_int64)
    bme280_compensate_T_int32                0x0000098d   Thumb Code   108  bme280.o(.text.bme280_compensate_T_int32)
    [Anonymous Symbol]                       0x0000098c   Section        0  bme280.o(.text.bme280_compensate_T_int32)
    [Anonymous Symbol]                       0x000009f8   Section        0  bme280.o(.text.bme280_config)
    [Anonymous Symbol]                       0x00000a4c   Section        0  bme280.o(.text.bme280_init)
    bme280_read_calib_coeff                  0x00000a8d   Thumb Code   406  bme280.o(.text.bme280_read_calib_coeff)
    [Anonymous Symbol]                       0x00000a8c   Section        0  bme280.o(.text.bme280_read_calib_coeff)
    bme280_read_humid_calib_data             0x00000c25   Thumb Code    46  bme280.o(.text.bme280_read_humid_calib_data)
    [Anonymous Symbol]                       0x00000c24   Section        0  bme280.o(.text.bme280_read_humid_calib_data)
    bme280_read_pres_calib_data              0x00000c55   Thumb Code    46  bme280.o(.text.bme280_read_pres_calib_data)
    [Anonymous Symbol]                       0x00000c54   Section        0  bme280.o(.text.bme280_read_pres_calib_data)
    bme280_read_temp_calib_data              0x00000c85   Thumb Code    46  bme280.o(.text.bme280_read_temp_calib_data)
    [Anonymous Symbol]                       0x00000c84   Section        0  bme280.o(.text.bme280_read_temp_calib_data)
    bme280_read_udata                        0x00000cb5   Thumb Code    46  bme280.o(.text.bme280_read_udata)
    [Anonymous Symbol]                       0x00000cb4   Section        0  bme280.o(.text.bme280_read_udata)
    [Anonymous Symbol]                       0x00000ce4   Section        0  gpio.o(.text.gpio_portf_init)
    [Anonymous Symbol]                       0x00000d94   Section        0  i2c.o(.text.i2c0_init)
    [Anonymous Symbol]                       0x00000e28   Section        0  i2c.o(.text.i2c0_read_multiple_bytes)
    [Anonymous Symbol]                       0x00000f84   Section        0  i2c.o(.text.i2c0_reset)
    [Anonymous Symbol]                       0x00000f98   Section        0  i2c.o(.text.i2c0_wait_for_completion)
    [Anonymous Symbol]                       0x00000fdc   Section        0  i2c.o(.text.i2c0_write_multiple_bytes)
    [Anonymous Symbol]                       0x000010f4   Section        0  main.o(.text.main)
    [Anonymous Symbol]                       0x000011d4   Section        0  pll.o(.text.pll_init)
    [Anonymous Symbol]                       0x00001254   Section        0  i2c.o(.text.read_device_id)
    [Anonymous Symbol]                       0x00001304   Section        0  bme280.o(.text.read_humidity)
    [Anonymous Symbol]                       0x00001348   Section        0  bme280.o(.text.read_pressure)
    [Anonymous Symbol]                       0x000013a0   Section        0  bme280.o(.text.read_temperature)
    [Anonymous Symbol]                       0x000013f4   Section        0  systick.o(.text.systick_delay_ms)
    [Anonymous Symbol]                       0x00001424   Section        0  systick.o(.text.systick_init)
    [Anonymous Symbol]                       0x00001450   Section        0  systick.o(.text.systick_wait)
    [Anonymous Symbol]                       0x00001488   Section        0  uart.o(.text.uart0_init)
    [Anonymous Symbol]                       0x00001540   Section        0  uart.o(.text.uart0_transmit)
    [Anonymous Symbol]                       0x00001570   Section        0  uart.o(.text.uart0_tx_int32)
    [Anonymous Symbol]                       0x0000164c   Section        0  uart.o(.text.uart0_tx_string)
    [Anonymous Symbol]                       0x00001670   Section        0  uart.o(.text.uart0_tx_uint8_hex)
    $v0                                      0x000016dc   Number         0  fpinit.o(x$fpl$fpinit)
    x$fpl$fpinit                             0x000016dc   Section       26  fpinit.o(x$fpl$fpinit)
    .L.str.7                                 0x000016f6   Data           4  main.o(.rodata.str1.1)
    [Anonymous Symbol]                       0x000016f6   Section        0  main.o(.rodata.str1.1)
    .L.str                                   0x000016fa   Data          18  main.o(.rodata.str1.1)
    .L.str.2                                 0x0000170c   Data          36  main.o(.rodata.str1.1)
    .L.str.3                                 0x00001730   Data          32  main.o(.rodata.str1.1)
    .L.str.4                                 0x00001750   Data          19  main.o(.rodata.str1.1)
    .L.str.6                                 0x00001763   Data          21  main.o(.rodata.str1.1)
    .L.str.5                                 0x00001778   Data          16  main.o(.rodata.str1.1)
    .L.str.1                                 0x00001788   Data          12  uart.o(.rodata.str1.1)
    [Anonymous Symbol]                       0x00001788   Section        0  uart.o(.rodata.str1.1)
    .L.str                                   0x00001794   Data           3  uart.o(.rodata.str1.1)
    .L.str.1                                 0x00001797   Data          20  bme280.o(.rodata.str1.1)
    [Anonymous Symbol]                       0x00001797   Section        0  bme280.o(.rodata.str1.1)
    .L.str                                   0x000017ab   Data          22  bme280.o(.rodata.str1.1)
    .L.str.1                                 0x000017be   Data           3  bme280.o(.rodata.str1.1)
    .bss                                     0x20000000   Section       96  libspace.o(.bss)
    dig_H1                                   0x20000060   Data           1  bme280.o(.bss.dig_H1)
    [Anonymous Symbol]                       0x20000060   Section        0  bme280.o(.bss.dig_H1)
    dig_H2                                   0x20000062   Data           2  bme280.o(.bss.dig_H2)
    [Anonymous Symbol]                       0x20000062   Section        0  bme280.o(.bss.dig_H2)
    dig_H3                                   0x20000064   Data           1  bme280.o(.bss.dig_H3)
    [Anonymous Symbol]                       0x20000064   Section        0  bme280.o(.bss.dig_H3)
    dig_H4                                   0x20000066   Data           2  bme280.o(.bss.dig_H4)
    [Anonymous Symbol]                       0x20000066   Section        0  bme280.o(.bss.dig_H4)
    dig_H5                                   0x20000068   Data           2  bme280.o(.bss.dig_H5)
    [Anonymous Symbol]                       0x20000068   Section        0  bme280.o(.bss.dig_H5)
    dig_H6                                   0x2000006a   Data           1  bme280.o(.bss.dig_H6)
    [Anonymous Symbol]                       0x2000006a   Section        0  bme280.o(.bss.dig_H6)
    dig_P1                                   0x2000006c   Data           2  bme280.o(.bss.dig_P1)
    [Anonymous Symbol]                       0x2000006c   Section        0  bme280.o(.bss.dig_P1)
    dig_P2                                   0x2000006e   Data           2  bme280.o(.bss.dig_P2)
    [Anonymous Symbol]                       0x2000006e   Section        0  bme280.o(.bss.dig_P2)
    dig_P3                                   0x20000070   Data           2  bme280.o(.bss.dig_P3)
    [Anonymous Symbol]                       0x20000070   Section        0  bme280.o(.bss.dig_P3)
    dig_P4                                   0x20000072   Data           2  bme280.o(.bss.dig_P4)
    [Anonymous Symbol]                       0x20000072   Section        0  bme280.o(.bss.dig_P4)
    dig_P5                                   0x20000074   Data           2  bme280.o(.bss.dig_P5)
    [Anonymous Symbol]                       0x20000074   Section        0  bme280.o(.bss.dig_P5)
    dig_P6                                   0x20000076   Data           2  bme280.o(.bss.dig_P6)
    [Anonymous Symbol]                       0x20000076   Section        0  bme280.o(.bss.dig_P6)
    dig_P7                                   0x20000078   Data           2  bme280.o(.bss.dig_P7)
    [Anonymous Symbol]                       0x20000078   Section        0  bme280.o(.bss.dig_P7)
    dig_P8                                   0x2000007a   Data           2  bme280.o(.bss.dig_P8)
    [Anonymous Symbol]                       0x2000007a   Section        0  bme280.o(.bss.dig_P8)
    dig_P9                                   0x2000007c   Data           2  bme280.o(.bss.dig_P9)
    [Anonymous Symbol]                       0x2000007c   Section        0  bme280.o(.bss.dig_P9)
    dig_T1                                   0x2000007e   Data           2  bme280.o(.bss.dig_T1)
    [Anonymous Symbol]                       0x2000007e   Section        0  bme280.o(.bss.dig_T1)
    dig_T2                                   0x20000080   Data           2  bme280.o(.bss.dig_T2)
    [Anonymous Symbol]                       0x20000080   Section        0  bme280.o(.bss.dig_T2)
    dig_T3                                   0x20000082   Data           2  bme280.o(.bss.dig_T3)
    [Anonymous Symbol]                       0x20000082   Section        0  bme280.o(.bss.dig_T3)
    rx_buffer                                0x20000084   Data          64  uart.o(.bss.rx_buffer)
    [Anonymous Symbol]                       0x20000084   Section        0  uart.o(.bss.rx_buffer)
    rx_head                                  0x200000c4   Data           1  uart.o(.bss.rx_head)
    [Anonymous Symbol]                       0x200000c4   Section        0  uart.o(.bss.rx_head)
    rx_tail                                  0x200000c5   Data           1  uart.o(.bss.rx_tail)
    [Anonymous Symbol]                       0x200000c5   Section        0  uart.o(.bss.rx_tail)
    t_fine                                   0x200000c8   Data           4  bme280.o(.bss.t_fine)
    [Anonymous Symbol]                       0x200000c8   Section        0  bme280.o(.bss.t_fine)
    Heap_Mem                                 0x200000d0   Data           0  startup_tm4c123.o(HEAP)
    Stack_Mem                                0x200000d0   Data         512  startup_tm4c123.o(STACK)
    HEAP                                     0x200000d0   Section        0  startup_tm4c123.o(HEAP)
    STACK                                    0x200000d0   Section      512  startup_tm4c123.o(STACK)
    __initial_sp                             0x200002d0   Data           0  startup_tm4c123.o(STACK)

    Global Symbols

    Symbol Name                              Value     Ov Type        Size  Object(Section)

    BuildAttributes$$THM_ISAv4$E$P$D$K$B$S$7EM$VFPi3$EXTD16$VFPS$VFMA$PE$A:L22UL41UL21$X:L11$S22US41US21$IEEE1$IW$~IW$USESV6$~STKCKD$USESV7$~SHL$OSPACE$ROPI$EBA8$UX$STANDARDLIB$REQ8$PRES8$EABIv2 0x00000000   Number         0  anon$$obj.o ABSOLUTE
    __Vectors                                0x00000000   Data           4  startup_tm4c123.o(RESET)
    __ARM_exceptions_init                     - Undefined Weak Reference
    __alloca_initialize                       - Undefined Weak Reference
    __arm_preinit_                            - Undefined Weak Reference
    __arm_relocate_pie_                       - Undefined Weak Reference
    __cpp_initialize__aeabi_                  - Undefined Weak Reference
    __cxa_finalize                            - Undefined Weak Reference
    __rt_locale                               - Undefined Weak Reference
    __sigvec_lookup                           - Undefined Weak Reference
    _atexit_init                              - Undefined Weak Reference
    _call_atexit_fns                          - Undefined Weak Reference
    _clock_init                               - Undefined Weak Reference
    _fp_trap_init                             - Undefined Weak Reference
    _fp_trap_shutdown                         - Undefined Weak Reference
    _get_lc_collate                           - Undefined Weak Reference
    _get_lc_ctype                             - Undefined Weak Reference
    _get_lc_monetary                          - Undefined Weak Reference
    _get_lc_numeric                           - Undefined Weak Reference
    _get_lc_time                              - Undefined Weak Reference
    _getenv_init                              - Undefined Weak Reference
    _handle_redirection                       - Undefined Weak Reference
    _init_alloc                               - Undefined Weak Reference
    _init_user_alloc                          - Undefined Weak Reference
    _initio                                   - Undefined Weak Reference
    _rand_init                                - Undefined Weak Reference
    _signal_finish                            - Undefined Weak Reference
    _signal_init                              - Undefined Weak Reference
    _terminate_alloc                          - Undefined Weak Reference
    _terminate_user_alloc                     - Undefined Weak Reference
    _terminateio                              - Undefined Weak Reference
    __Vectors_End                            0x0000026c   Data           0  startup_tm4c123.o(RESET)
    __Vectors_Size                           0x0000026c   Number         0  startup_tm4c123.o ABSOLUTE
    __main                                   0x0000026d   Thumb Code     8  __main.o(!!!main)
    __scatterload                            0x00000275   Thumb Code     0  __scatter.o(!!!scatter)
    __scatterload_rt2                        0x00000275   Thumb Code    84  __scatter.o(!!!scatter)
    __scatterload_rt2_thumb_only             0x00000275   Thumb Code     0  __scatter.o(!!!scatter)
    __scatterload_loop                       0x0000027f   Thumb Code     0  __scatter.o(!!!scatter)
    __scatterload_null                       0x000002d1   Thumb Code     2  __scatter.o(!!handler_null)
    __scatterload_zeroinit                   0x000002d5   Thumb Code    28  __scatter_zi.o(!!handler_zi)
    __rt_lib_init                            0x000002f1   Thumb Code     0  libinit.o(.ARM.Collect$$libinit$$00000000)
    __rt_lib_init_fp_1                       0x000002f3   Thumb Code     0  libinit2.o(.ARM.Collect$$libinit$$00000001)
    __rt_lib_init_alloca_1                   0x000002f7   Thumb Code     0  libinit2.o(.ARM.Collect$$libinit$$00000030)
    __rt_lib_init_argv_1                     0x000002f7   Thumb Code     0  libinit2.o(.ARM.Collect$$libinit$$0000002E)
    __rt_lib_init_atexit_1                   0x000002f7   Thumb Code     0  libinit2.o(.ARM.Collect$$libinit$$0000001D)
    __rt_lib_init_clock_1                    0x000002f7   Thumb Code     0  libinit2.o(.ARM.Collect$$libinit$$00000023)
    __rt_lib_init_cpp_1                      0x000002f7   Thumb Code     0  libinit2.o(.ARM.Collect$$libinit$$00000034)
    __rt_lib_init_exceptions_1               0x000002f7   Thumb Code     0  libinit2.o(.ARM.Collect$$libinit$$00000032)
    __rt_lib_init_fp_trap_1                  0x000002f7   Thumb Code     0  libinit2.o(.ARM.Collect$$libinit$$00000021)
    __rt_lib_init_getenv_1                   0x000002f7   Thumb Code     0  libinit2.o(.ARM.Collect$$libinit$$00000025)
    __rt_lib_init_heap_1                     0x000002f7   Thumb Code     0  libinit2.o(.ARM.Collect$$libinit$$0000000C)
    __rt_lib_init_lc_collate_1               0x000002f7   Thumb Code     0  libinit2.o(.ARM.Collect$$libinit$$00000013)
    __rt_lib_init_lc_ctype_1                 0x000002f7   Thumb Code     0  libinit2.o(.ARM.Collect$$libinit$$00000015)
    __rt_lib_init_lc_monetary_1              0x000002f7   Thumb Code     0  libinit2.o(.ARM.Collect$$libinit$$00000017)
    __rt_lib_init_lc_numeric_1               0x000002f7   Thumb Code     0  libinit2.o(.ARM.Collect$$libinit$$00000019)
    __rt_lib_init_lc_time_1                  0x000002f7   Thumb Code     0  libinit2.o(.ARM.Collect$$libinit$$0000001B)
    __rt_lib_init_preinit_1                  0x000002f7   Thumb Code     0  libinit2.o(.ARM.Collect$$libinit$$00000006)
    __rt_lib_init_rand_1                     0x000002f7   Thumb Code     0  libinit2.o(.ARM.Collect$$libinit$$00000010)
    __rt_lib_init_relocate_pie_1             0x000002f7   Thumb Code     0  libinit2.o(.ARM.Collect$$libinit$$00000004)
    __rt_lib_init_return                     0x000002f7   Thumb Code     0  libinit2.o(.ARM.Collect$$libinit$$00000035)
    __rt_lib_init_signal_1                   0x000002f7   Thumb Code     0  libinit2.o(.ARM.Collect$$libinit$$0000001F)
    __rt_lib_init_stdio_1                    0x000002f7   Thumb Code     0  libinit2.o(.ARM.Collect$$libinit$$00000027)
    __rt_lib_init_user_alloc_1               0x000002f7   Thumb Code     0  libinit2.o(.ARM.Collect$$libinit$$0000000E)
    __rt_lib_shutdown                        0x000002f9   Thumb Code     0  libshutdown.o(.ARM.Collect$$libshutdown$$00000000)
    __rt_lib_shutdown_cpp_1                  0x000002fb   Thumb Code     0  libshutdown2.o(.ARM.Collect$$libshutdown$$00000002)
    __rt_lib_shutdown_fp_trap_1              0x000002fb   Thumb Code     0  libshutdown2.o(.ARM.Collect$$libshutdown$$00000007)
    __rt_lib_shutdown_heap_1                 0x000002fb   Thumb Code     0  libshutdown2.o(.ARM.Collect$$libshutdown$$0000000F)
    __rt_lib_shutdown_return                 0x000002fb   Thumb Code     0  libshutdown2.o(.ARM.Collect$$libshutdown$$00000010)
    __rt_lib_shutdown_signal_1               0x000002fb   Thumb Code     0  libshutdown2.o(.ARM.Collect$$libshutdown$$0000000A)
    __rt_lib_shutdown_stdio_1                0x000002fb   Thumb Code     0  libshutdown2.o(.ARM.Collect$$libshutdown$$00000004)
    __rt_lib_shutdown_user_alloc_1           0x000002fb   Thumb Code     0  libshutdown2.o(.ARM.Collect$$libshutdown$$0000000C)
    __rt_entry                               0x000002fd   Thumb Code     0  __rtentry.o(.ARM.Collect$$rtentry$$00000000)
    __rt_entry_presh_1                       0x000002fd   Thumb Code     0  __rtentry2.o(.ARM.Collect$$rtentry$$00000002)
    __rt_entry_sh                            0x000002fd   Thumb Code     0  __rtentry4.o(.ARM.Collect$$rtentry$$00000004)
    __rt_entry_li                            0x00000303   Thumb Code     0  __rtentry2.o(.ARM.Collect$$rtentry$$0000000A)
    __rt_entry_postsh_1                      0x00000303   Thumb Code     0  __rtentry2.o(.ARM.Collect$$rtentry$$00000009)
    __rt_entry_main                          0x00000307   Thumb Code     0  __rtentry2.o(.ARM.Collect$$rtentry$$0000000D)
    __rt_entry_postli_1                      0x00000307   Thumb Code     0  __rtentry2.o(.ARM.Collect$$rtentry$$0000000C)
    __rt_exit                                0x0000030f   Thumb Code     0  rtexit.o(.ARM.Collect$$rtexit$$00000000)
    __rt_exit_ls                             0x00000311   Thumb Code     0  rtexit2.o(.ARM.Collect$$rtexit$$00000003)
    __rt_exit_prels_1                        0x00000311   Thumb Code     0  rtexit2.o(.ARM.Collect$$rtexit$$00000002)
    __rt_exit_exit                           0x00000315   Thumb Code     0  rtexit2.o(.ARM.Collect$$rtexit$$00000004)
    Reset_Handler                            0x0000031d   Thumb Code     8  startup_tm4c123.o(.text)
    NMI_Handler                              0x00000325   Thumb Code     2  startup_tm4c123.o(.text)
    HardFault_Handler                        0x00000327   Thumb Code     2  startup_tm4c123.o(.text)
    MemManage_Handler                        0x00000329   Thumb Code     2  startup_tm4c123.o(.text)
    BusFault_Handler                         0x0000032b   Thumb Code     2  startup_tm4c123.o(.text)
    UsageFault_Handler                       0x0000032d   Thumb Code     2  startup_tm4c123.o(.text)
    SVC_Handler                              0x0000032f   Thumb Code     2  startup_tm4c123.o(.text)
    DebugMon_Handler                         0x00000331   Thumb Code     2  startup_tm4c123.o(.text)
    PendSV_Handler                           0x00000333   Thumb Code     2  startup_tm4c123.o(.text)
    SysTick_Handler                          0x00000335   Thumb Code     2  startup_tm4c123.o(.text)
    GPIOA_Handler                            0x00000337   Thumb Code     2  startup_tm4c123.o(.text)
    GPIOB_Handler                            0x00000339   Thumb Code     2  startup_tm4c123.o(.text)
    GPIOC_Handler                            0x0000033b   Thumb Code     2  startup_tm4c123.o(.text)
    GPIOD_Handler                            0x0000033d   Thumb Code     2  startup_tm4c123.o(.text)
    GPIOE_Handler                            0x0000033f   Thumb Code     2  startup_tm4c123.o(.text)
    UART1_Handler                            0x00000343   Thumb Code     2  startup_tm4c123.o(.text)
    SSI0_Handler                             0x00000345   Thumb Code     2  startup_tm4c123.o(.text)
    I2C0_Handler                             0x00000347   Thumb Code     2  startup_tm4c123.o(.text)
    PMW0_FAULT_Handler                       0x00000349   Thumb Code     2  startup_tm4c123.o(.text)
    PWM0_0_Handler                           0x0000034b   Thumb Code     2  startup_tm4c123.o(.text)
    PWM0_1_Handler                           0x0000034d   Thumb Code     2  startup_tm4c123.o(.text)
    PWM0_2_Handler                           0x0000034f   Thumb Code     2  startup_tm4c123.o(.text)
    QEI0_Handler                             0x00000351   Thumb Code     2  startup_tm4c123.o(.text)
    ADC0SS0_Handler                          0x00000353   Thumb Code     2  startup_tm4c123.o(.text)
    ADC0SS1_Handler                          0x00000355   Thumb Code     2  startup_tm4c123.o(.text)
    ADC0SS2_Handler                          0x00000357   Thumb Code     2  startup_tm4c123.o(.text)
    ADC0SS3_Handler                          0x00000359   Thumb Code     2  startup_tm4c123.o(.text)
    WDT0_Handler                             0x0000035b   Thumb Code     2  startup_tm4c123.o(.text)
    TIMER0A_Handler                          0x0000035d   Thumb Code     2  startup_tm4c123.o(.text)
    TIMER0B_Handler                          0x0000035f   Thumb Code     2  startup_tm4c123.o(.text)
    TIMER1A_Handler                          0x00000361   Thumb Code     2  startup_tm4c123.o(.text)
    TIMER1B_Handler                          0x00000363   Thumb Code     2  startup_tm4c123.o(.text)
    TIMER2A_Handler                          0x00000365   Thumb Code     2  startup_tm4c123.o(.text)
    TIMER2B_Handler                          0x00000367   Thumb Code     2  startup_tm4c123.o(.text)
    COMP0_Handler                            0x00000369   Thumb Code     2  startup_tm4c123.o(.text)
    COMP1_Handler                            0x0000036b   Thumb Code     2  startup_tm4c123.o(.text)
    COMP2_Handler                            0x0000036d   Thumb Code     2  startup_tm4c123.o(.text)
    SYSCTL_Handler                           0x0000036f   Thumb Code     2  startup_tm4c123.o(.text)
    FLASH_Handler                            0x00000371   Thumb Code     2  startup_tm4c123.o(.text)
    GPIOF_Handler                            0x00000373   Thumb Code     2  startup_tm4c123.o(.text)
    GPIOG_Handler                            0x00000375   Thumb Code     2  startup_tm4c123.o(.text)
    GPIOH_Handler                            0x00000377   Thumb Code     2  startup_tm4c123.o(.text)
    UART2_Handler                            0x00000379   Thumb Code     2  startup_tm4c123.o(.text)
    SSI1_Handler                             0x0000037b   Thumb Code     2  startup_tm4c123.o(.text)
    TIMER3A_Handler                          0x0000037d   Thumb Code     2  startup_tm4c123.o(.text)
    TIMER3B_Handler                          0x0000037f   Thumb Code     2  startup_tm4c123.o(.text)
    I2C1_Handler                             0x00000381   Thumb Code     2  startup_tm4c123.o(.text)
    QEI1_Handler                             0x00000383   Thumb Code     2  startup_tm4c123.o(.text)
    CAN0_Handler                             0x00000385   Thumb Code     2  startup_tm4c123.o(.text)
    CAN1_Handler                             0x00000387   Thumb Code     2  startup_tm4c123.o(.text)
    CAN2_Handler                             0x00000389   Thumb Code     2  startup_tm4c123.o(.text)
    HIB_Handler                              0x0000038b   Thumb Code     2  startup_tm4c123.o(.text)
    USB0_Handler                             0x0000038d   Thumb Code     2  startup_tm4c123.o(.text)
    PWM0_3_Handler                           0x0000038f   Thumb Code     2  startup_tm4c123.o(.text)
    UDMA_Handler                             0x00000391   Thumb Code     2  startup_tm4c123.o(.text)
    UDMAERR_Handler                          0x00000393   Thumb Code     2  startup_tm4c123.o(.text)
    ADC1SS0_Handler                          0x00000395   Thumb Code     2  startup_tm4c123.o(.text)
    ADC1SS1_Handler                          0x00000397   Thumb Code     2  startup_tm4c123.o(.text)
    ADC1SS2_Handler                          0x00000399   Thumb Code     2  startup_tm4c123.o(.text)
    ADC1SS3_Handler                          0x0000039b   Thumb Code     2  startup_tm4c123.o(.text)
    GPIOJ_Handler                            0x0000039d   Thumb Code     2  startup_tm4c123.o(.text)
    GPIOK_Handler                            0x0000039f   Thumb Code     2  startup_tm4c123.o(.text)
    GPIOL_Handler                            0x000003a1   Thumb Code     2  startup_tm4c123.o(.text)
    SSI2_Handler                             0x000003a3   Thumb Code     2  startup_tm4c123.o(.text)
    SSI3_Handler                             0x000003a5   Thumb Code     2  startup_tm4c123.o(.text)
    UART3_Handler                            0x000003a7   Thumb Code     2  startup_tm4c123.o(.text)
    UART4_Handler                            0x000003a9   Thumb Code     2  startup_tm4c123.o(.text)
    UART5_Handler                            0x000003ab   Thumb Code     2  startup_tm4c123.o(.text)
    UART6_Handler                            0x000003ad   Thumb Code     2  startup_tm4c123.o(.text)
    UART7_Handler                            0x000003af   Thumb Code     2  startup_tm4c123.o(.text)
    I2C2_Handler                             0x000003b1   Thumb Code     2  startup_tm4c123.o(.text)
    I2C3_Handler                             0x000003b3   Thumb Code     2  startup_tm4c123.o(.text)
    TIMER4A_Handler                          0x000003b5   Thumb Code     2  startup_tm4c123.o(.text)
    TIMER4B_Handler                          0x000003b7   Thumb Code     2  startup_tm4c123.o(.text)
    TIMER5A_Handler                          0x000003b9   Thumb Code     2  startup_tm4c123.o(.text)
    TIMER5B_Handler                          0x000003bb   Thumb Code     2  startup_tm4c123.o(.text)
    WTIMER0A_Handler                         0x000003bd   Thumb Code     2  startup_tm4c123.o(.text)
    WTIMER0B_Handler                         0x000003bf   Thumb Code     2  startup_tm4c123.o(.text)
    WTIMER1A_Handler                         0x000003c1   Thumb Code     2  startup_tm4c123.o(.text)
    WTIMER1B_Handler                         0x000003c3   Thumb Code     2  startup_tm4c123.o(.text)
    WTIMER2A_Handler                         0x000003c5   Thumb Code     2  startup_tm4c123.o(.text)
    WTIMER2B_Handler                         0x000003c7   Thumb Code     2  startup_tm4c123.o(.text)
    WTIMER3A_Handler                         0x000003c9   Thumb Code     2  startup_tm4c123.o(.text)
    WTIMER3B_Handler                         0x000003cb   Thumb Code     2  startup_tm4c123.o(.text)
    WTIMER4A_Handler                         0x000003cd   Thumb Code     2  startup_tm4c123.o(.text)
    WTIMER4B_Handler                         0x000003cf   Thumb Code     2  startup_tm4c123.o(.text)
    WTIMER5A_Handler                         0x000003d1   Thumb Code     2  startup_tm4c123.o(.text)
    WTIMER5B_Handler                         0x000003d3   Thumb Code     2  startup_tm4c123.o(.text)
    FPU_Handler                              0x000003d5   Thumb Code     2  startup_tm4c123.o(.text)
    I2C4_Handler                             0x000003d7   Thumb Code     2  startup_tm4c123.o(.text)
    I2C5_Handler                             0x000003d9   Thumb Code     2  startup_tm4c123.o(.text)
    GPIOM_Handler                            0x000003db   Thumb Code     2  startup_tm4c123.o(.text)
    GPION_Handler                            0x000003dd   Thumb Code     2  startup_tm4c123.o(.text)
    QEI2_Handler                             0x000003df   Thumb Code     2  startup_tm4c123.o(.text)
    GPIOP0_Handler                           0x000003e1   Thumb Code     2  startup_tm4c123.o(.text)
    GPIOP1_Handler                           0x000003e3   Thumb Code     2  startup_tm4c123.o(.text)
    GPIOP2_Handler                           0x000003e5   Thumb Code     2  startup_tm4c123.o(.text)
    GPIOP3_Handler                           0x000003e7   Thumb Code     2  startup_tm4c123.o(.text)
    GPIOP4_Handler                           0x000003e9   Thumb Code     2  startup_tm4c123.o(.text)
    GPIOP5_Handler                           0x000003eb   Thumb Code     2  startup_tm4c123.o(.text)
    GPIOP6_Handler                           0x000003ed   Thumb Code     2  startup_tm4c123.o(.text)
    GPIOP7_Handler                           0x000003ef   Thumb Code     2  startup_tm4c123.o(.text)
    GPIOQ0_Handler                           0x000003f1   Thumb Code     2  startup_tm4c123.o(.text)
    GPIOQ1_Handler                           0x000003f3   Thumb Code     2  startup_tm4c123.o(.text)
    GPIOQ2_Handler                           0x000003f5   Thumb Code     2  startup_tm4c123.o(.text)
    GPIOQ3_Handler                           0x000003f7   Thumb Code     2  startup_tm4c123.o(.text)
    GPIOQ4_Handler                           0x000003f9   Thumb Code     2  startup_tm4c123.o(.text)
    GPIOQ5_Handler                           0x000003fb   Thumb Code     2  startup_tm4c123.o(.text)
    GPIOQ6_Handler                           0x000003fd   Thumb Code     2  startup_tm4c123.o(.text)
    GPIOQ7_Handler                           0x000003ff   Thumb Code     2  startup_tm4c123.o(.text)
    GPIOR_Handler                            0x00000401   Thumb Code     2  startup_tm4c123.o(.text)
    GPIOS_Handler                            0x00000403   Thumb Code     2  startup_tm4c123.o(.text)
    PMW1_0_Handler                           0x00000405   Thumb Code     2  startup_tm4c123.o(.text)
    PWM1_1_Handler                           0x00000407   Thumb Code     2  startup_tm4c123.o(.text)
    PWM1_2_Handler                           0x00000409   Thumb Code     2  startup_tm4c123.o(.text)
    PWM1_3_Handler                           0x0000040b   Thumb Code     2  startup_tm4c123.o(.text)
    PWM1_FAULT_Handler                       0x0000040d   Thumb Code     2  startup_tm4c123.o(.text)
    __user_initial_stackheap                 0x00000411   Thumb Code     0  startup_tm4c123.o(.text)
    __aeabi_ldivmod                          0x00000431   Thumb Code     0  llsdiv.o(.text)
    _ll_sdiv                                 0x00000431   Thumb Code   116  llsdiv.o(.text)
    __use_two_region_memory                  0x000004a5   Thumb Code     2  heapauxi.o(.text)
    __rt_heap_escrow$2region                 0x000004a7   Thumb Code     2  heapauxi.o(.text)
    __rt_heap_expand$2region                 0x000004a9   Thumb Code     2  heapauxi.o(.text)
    __aeabi_uldivmod                         0x000004ab   Thumb Code     0  lludivv7m.o(.text)
    _ll_udiv                                 0x000004ab   Thumb Code   240  lludivv7m.o(.text)
    __user_setup_stackheap                   0x0000059b   Thumb Code    74  sys_stackheap_outer.o(.text)
    exit                                     0x000005e5   Thumb Code    18  exit.o(.text)
    __user_libspace                          0x000005f9   Thumb Code     8  libspace.o(.text)
    __user_perproc_libspace                  0x000005f9   Thumb Code     0  libspace.o(.text)
    __user_perthread_libspace                0x000005f9   Thumb Code     0  libspace.o(.text)
    _sys_exit                                0x00000601   Thumb Code     8  sys_exit.o(.text)
    __I$use$semihosting                      0x0000060d   Thumb Code     0  use_no_semi.o(.text)
    __use_no_semihosting_swi                 0x0000060d   Thumb Code     2  use_no_semi.o(.text)
    __semihosting_library_function           0x0000060f   Thumb Code     0  indicate_semi.o(.text)
    SystemInit                               0x00000611   Thumb Code    18  system_tm4c123.o(.text.SystemInit)
    UART0_Handler                            0x00000625   Thumb Code   116  uart.o(.text.UART0_Handler)
    bme280_config                            0x000009f9   Thumb Code    82  bme280.o(.text.bme280_config)
    bme280_init                              0x00000a4d   Thumb Code    64  bme280.o(.text.bme280_init)
    gpio_portf_init                          0x00000ce5   Thumb Code   176  gpio.o(.text.gpio_portf_init)
    i2c0_init                                0x00000d95   Thumb Code   148  i2c.o(.text.i2c0_init)
    i2c0_read_multiple_bytes                 0x00000e29   Thumb Code   348  i2c.o(.text.i2c0_read_multiple_bytes)
    i2c0_reset                               0x00000f85   Thumb Code    20  i2c.o(.text.i2c0_reset)
    i2c0_wait_for_completion                 0x00000f99   Thumb Code    68  i2c.o(.text.i2c0_wait_for_completion)
    i2c0_write_multiple_bytes                0x00000fdd   Thumb Code   278  i2c.o(.text.i2c0_write_multiple_bytes)
    main                                     0x000010f5   Thumb Code   224  main.o(.text.main)
    pll_init                                 0x000011d5   Thumb Code   126  pll.o(.text.pll_init)
    read_device_id                           0x00001255   Thumb Code   174  i2c.o(.text.read_device_id)
    read_humidity                            0x00001305   Thumb Code    68  bme280.o(.text.read_humidity)
    read_pressure                            0x00001349   Thumb Code    86  bme280.o(.text.read_pressure)
    read_temperature                         0x000013a1   Thumb Code    84  bme280.o(.text.read_temperature)
    systick_delay_ms                         0x000013f5   Thumb Code    48  systick.o(.text.systick_delay_ms)
    systick_init                             0x00001425   Thumb Code    42  systick.o(.text.systick_init)
    systick_wait                             0x00001451   Thumb Code    56  systick.o(.text.systick_wait)
    uart0_init                               0x00001489   Thumb Code   184  uart.o(.text.uart0_init)
    uart0_transmit                           0x00001541   Thumb Code    46  uart.o(.text.uart0_transmit)
    uart0_tx_int32                           0x00001571   Thumb Code   220  uart.o(.text.uart0_tx_int32)
    uart0_tx_string                          0x0000164d   Thumb Code    36  uart.o(.text.uart0_tx_string)
    uart0_tx_uint8_hex                       0x00001671   Thumb Code   108  uart.o(.text.uart0_tx_uint8_hex)
    _fp_init                                 0x000016dd   Thumb Code    26  fpinit.o(x$fpl$fpinit)
    __fplib_config_fpu_vfp                   0x000016f5   Thumb Code     0  fpinit.o(x$fpl$fpinit)
    __fplib_config_pureend_doubles           0x000016f5   Thumb Code     0  fpinit.o(x$fpl$fpinit)
    Region$$Table$$Base                      0x000017c4   Number         0  anon$$obj.o(Region$$Table)
    Region$$Table$$Limit                     0x000017d4   Number         0  anon$$obj.o(Region$$Table)
    __libspace_start                         0x20000000   Data          96  libspace.o(.bss)
    __temporary_stack_top$libspace           0x20000060   Data           0  libspace.o(.bss)



==============================================================================

Memory Map of the image

  Image Entry point : 0x0000031d

  Load Region LR_1 (Base: 0x00000000, Size: 0x000017d4, Max: 0xffffffff, ABSOLUTE)

    Execution Region ER_RO (Exec base: 0x00000000, Load base: 0x00000000, Size: 0x000017d4, Max: 0xffffffff, ABSOLUTE)

    Exec Addr    Load Addr    Size         Type   Attr      Idx    E Section Name        Object

    0x00000000   0x00000000   0x0000026c   Data   RO          142    RESET               startup_tm4c123.o
    0x0000026c   0x0000026c   0x00000008   Code   RO          169  * !!!main             c_w.l(__main.o)
    0x00000274   0x00000274   0x0000005c   Code   RO          346    !!!scatter          c_w.l(__scatter.o)
    0x000002d0   0x000002d0   0x00000002   Code   RO          347    !!handler_null      c_w.l(__scatter.o)
    0x000002d2   0x000002d2   0x00000002   PAD
    0x000002d4   0x000002d4   0x0000001c   Code   RO          350    !!handler_zi        c_w.l(__scatter_zi.o)
    0x000002f0   0x000002f0   0x00000002   Code   RO          208    .ARM.Collect$$libinit$$00000000  c_w.l(libinit.o)
    0x000002f2   0x000002f2   0x00000004   Code   RO          220    .ARM.Collect$$libinit$$00000001  c_w.l(libinit2.o)
    0x000002f6   0x000002f6   0x00000000   Code   RO          223    .ARM.Collect$$libinit$$00000004  c_w.l(libinit2.o)
    0x000002f6   0x000002f6   0x00000000   Code   RO          225    .ARM.Collect$$libinit$$00000006  c_w.l(libinit2.o)
    0x000002f6   0x000002f6   0x00000000   Code   RO          228    .ARM.Collect$$libinit$$0000000C  c_w.l(libinit2.o)
    0x000002f6   0x000002f6   0x00000000   Code   RO          230    .ARM.Collect$$libinit$$0000000E  c_w.l(libinit2.o)
    0x000002f6   0x000002f6   0x00000000   Code   RO          232    .ARM.Collect$$libinit$$00000010  c_w.l(libinit2.o)
    0x000002f6   0x000002f6   0x00000000   Code   RO          235    .ARM.Collect$$libinit$$00000013  c_w.l(libinit2.o)
    0x000002f6   0x000002f6   0x00000000   Code   RO          237    .ARM.Collect$$libinit$$00000015  c_w.l(libinit2.o)
    0x000002f6   0x000002f6   0x00000000   Code   RO          239    .ARM.Collect$$libinit$$00000017  c_w.l(libinit2.o)
    0x000002f6   0x000002f6   0x00000000   Code   RO          241    .ARM.Collect$$libinit$$00000019  c_w.l(libinit2.o)
    0x000002f6   0x000002f6   0x00000000   Code   RO          243    .ARM.Collect$$libinit$$0000001B  c_w.l(libinit2.o)
    0x000002f6   0x000002f6   0x00000000   Code   RO          245    .ARM.Collect$$libinit$$0000001D  c_w.l(libinit2.o)
    0x000002f6   0x000002f6   0x00000000   Code   RO          247    .ARM.Collect$$libinit$$0000001F  c_w.l(libinit2.o)
    0x000002f6   0x000002f6   0x00000000   Code   RO          249    .ARM.Collect$$libinit$$00000021  c_w.l(libinit2.o)
    0x000002f6   0x000002f6   0x00000000   Code   RO          251    .ARM.Collect$$libinit$$00000023  c_w.l(libinit2.o)
    0x000002f6   0x000002f6   0x00000000   Code   RO          253    .ARM.Collect$$libinit$$00000025  c_w.l(libinit2.o)
    0x000002f6   0x000002f6   0x00000000   Code   RO          255    .ARM.Collect$$libinit$$00000027  c_w.l(libinit2.o)
    0x000002f6   0x000002f6   0x00000000   Code   RO          259    .ARM.Collect$$libinit$$0000002E  c_w.l(libinit2.o)
    0x000002f6   0x000002f6   0x00000000   Code   RO          261    .ARM.Collect$$libinit$$00000030  c_w.l(libinit2.o)
    0x000002f6   0x000002f6   0x00000000   Code   RO          263    .ARM.Collect$$libinit$$00000032  c_w.l(libinit2.o)
    0x000002f6   0x000002f6   0x00000000   Code   RO          265    .ARM.Collect$$libinit$$00000034  c_w.l(libinit2.o)
    0x000002f6   0x000002f6   0x00000002   Code   RO          266    .ARM.Collect$$libinit$$00000035  c_w.l(libinit2.o)
    0x000002f8   0x000002f8   0x00000002   Code   RO          301    .ARM.Collect$$libshutdown$$00000000  c_w.l(libshutdown.o)
    0x000002fa   0x000002fa   0x00000000   Code   RO          329    .ARM.Collect$$libshutdown$$00000002  c_w.l(libshutdown2.o)
    0x000002fa   0x000002fa   0x00000000   Code   RO          331    .ARM.Collect$$libshutdown$$00000004  c_w.l(libshutdown2.o)
    0x000002fa   0x000002fa   0x00000000   Code   RO          334    .ARM.Collect$$libshutdown$$00000007  c_w.l(libshutdown2.o)
    0x000002fa   0x000002fa   0x00000000   Code   RO          337    .ARM.Collect$$libshutdown$$0000000A  c_w.l(libshutdown2.o)
    0x000002fa   0x000002fa   0x00000000   Code   RO          339    .ARM.Collect$$libshutdown$$0000000C  c_w.l(libshutdown2.o)
    0x000002fa   0x000002fa   0x00000000   Code   RO          342    .ARM.Collect$$libshutdown$$0000000F  c_w.l(libshutdown2.o)
    0x000002fa   0x000002fa   0x00000002   Code   RO          343    .ARM.Collect$$libshutdown$$00000010  c_w.l(libshutdown2.o)
    0x000002fc   0x000002fc   0x00000000   Code   RO          171    .ARM.Collect$$rtentry$$00000000  c_w.l(__rtentry.o)
    0x000002fc   0x000002fc   0x00000000   Code   RO          179    .ARM.Collect$$rtentry$$00000002  c_w.l(__rtentry2.o)
    0x000002fc   0x000002fc   0x00000006   Code   RO          191    .ARM.Collect$$rtentry$$00000004  c_w.l(__rtentry4.o)
    0x00000302   0x00000302   0x00000000   Code   RO          181    .ARM.Collect$$rtentry$$00000009  c_w.l(__rtentry2.o)
    0x00000302   0x00000302   0x00000004   Code   RO          182    .ARM.Collect$$rtentry$$0000000A  c_w.l(__rtentry2.o)
    0x00000306   0x00000306   0x00000000   Code   RO          184    .ARM.Collect$$rtentry$$0000000C  c_w.l(__rtentry2.o)
    0x00000306   0x00000306   0x00000008   Code   RO          185    .ARM.Collect$$rtentry$$0000000D  c_w.l(__rtentry2.o)
    0x0000030e   0x0000030e   0x00000002   Code   RO          212    .ARM.Collect$$rtexit$$00000000  c_w.l(rtexit.o)
    0x00000310   0x00000310   0x00000000   Code   RO          272    .ARM.Collect$$rtexit$$00000002  c_w.l(rtexit2.o)
    0x00000310   0x00000310   0x00000004   Code   RO          273    .ARM.Collect$$rtexit$$00000003  c_w.l(rtexit2.o)
    0x00000314   0x00000314   0x00000006   Code   RO          274    .ARM.Collect$$rtexit$$00000004  c_w.l(rtexit2.o)
    0x0000031a   0x0000031a   0x00000002   PAD
    0x0000031c   0x0000031c   0x00000114   Code   RO          143  * .text               startup_tm4c123.o
    0x00000430   0x00000430   0x00000074   Code   RO          165    .text               c_w.l(llsdiv.o)
    0x000004a4   0x000004a4   0x00000006   Code   RO          167    .text               c_w.l(heapauxi.o)
    0x000004aa   0x000004aa   0x000000f0   Code   RO          176    .text               c_w.l(lludivv7m.o)
    0x0000059a   0x0000059a   0x0000004a   Code   RO          195    .text               c_w.l(sys_stackheap_outer.o)
    0x000005e4   0x000005e4   0x00000012   Code   RO          197    .text               c_w.l(exit.o)
    0x000005f6   0x000005f6   0x00000002   PAD
    0x000005f8   0x000005f8   0x00000008   Code   RO          209    .text               c_w.l(libspace.o)
    0x00000600   0x00000600   0x0000000c   Code   RO          267    .text               c_w.l(sys_exit.o)
    0x0000060c   0x0000060c   0x00000002   Code   RO          290    .text               c_w.l(use_no_semi.o)
    0x0000060e   0x0000060e   0x00000000   Code   RO          292    .text               c_w.l(indicate_semi.o)
    0x0000060e   0x0000060e   0x00000002   PAD
    0x00000610   0x00000610   0x00000012   Code   RO          154    .text.SystemInit    system_tm4c123.o
    0x00000622   0x00000622   0x00000002   PAD
    0x00000624   0x00000624   0x00000074   Code   RO           23    .text.UART0_Handler  uart.o
    0x00000698   0x00000698   0x000000da   Code   RO          106    .text.bme280_compensate_H_int32  bme280.o
    0x00000772   0x00000772   0x00000002   PAD
    0x00000774   0x00000774   0x00000218   Code   RO          102    .text.bme280_compensate_P_int64  bme280.o
    0x0000098c   0x0000098c   0x0000006c   Code   RO           98    .text.bme280_compensate_T_int32  bme280.o
    0x000009f8   0x000009f8   0x00000052   Code   RO           90    .text.bme280_config  bme280.o
    0x00000a4a   0x00000a4a   0x00000002   PAD
    0x00000a4c   0x00000a4c   0x00000040   Code   RO           88    .text.bme280_init   bme280.o
    0x00000a8c   0x00000a8c   0x00000196   Code   RO           96    .text.bme280_read_calib_coeff  bme280.o
    0x00000c22   0x00000c22   0x00000002   PAD
    0x00000c24   0x00000c24   0x0000002e   Code   RO          112    .text.bme280_read_humid_calib_data  bme280.o
    0x00000c52   0x00000c52   0x00000002   PAD
    0x00000c54   0x00000c54   0x0000002e   Code   RO          110    .text.bme280_read_pres_calib_data  bme280.o
    0x00000c82   0x00000c82   0x00000002   PAD
    0x00000c84   0x00000c84   0x0000002e   Code   RO          108    .text.bme280_read_temp_calib_data  bme280.o
    0x00000cb2   0x00000cb2   0x00000002   PAD
    0x00000cb4   0x00000cb4   0x0000002e   Code   RO           94    .text.bme280_read_udata  bme280.o
    0x00000ce2   0x00000ce2   0x00000002   PAD
    0x00000ce4   0x00000ce4   0x000000b0   Code   RO           40    .text.gpio_portf_init  gpio.o
    0x00000d94   0x00000d94   0x00000094   Code   RO           48    .text.i2c0_init     i2c.o
    0x00000e28   0x00000e28   0x0000015c   Code   RO           58    .text.i2c0_read_multiple_bytes  i2c.o
    0x00000f84   0x00000f84   0x00000014   Code   RO           52    .text.i2c0_reset    i2c.o
    0x00000f98   0x00000f98   0x00000044   Code   RO           50    .text.i2c0_wait_for_completion  i2c.o
    0x00000fdc   0x00000fdc   0x00000116   Code   RO           56    .text.i2c0_write_multiple_bytes  i2c.o
    0x000010f2   0x000010f2   0x00000002   PAD
    0x000010f4   0x000010f4   0x000000e0   Code   RO            2    .text.main          main.o
    0x000011d4   0x000011d4   0x0000007e   Code   RO           67    .text.pll_init      pll.o
    0x00001252   0x00001252   0x00000002   PAD
    0x00001254   0x00001254   0x000000ae   Code   RO           54    .text.read_device_id  i2c.o
    0x00001302   0x00001302   0x00000002   PAD
    0x00001304   0x00001304   0x00000044   Code   RO          104    .text.read_humidity  bme280.o
    0x00001348   0x00001348   0x00000056   Code   RO          100    .text.read_pressure  bme280.o
    0x0000139e   0x0000139e   0x00000002   PAD
    0x000013a0   0x000013a0   0x00000054   Code   RO           92    .text.read_temperature  bme280.o
    0x000013f4   0x000013f4   0x00000030   Code   RO           79    .text.systick_delay_ms  systick.o
    0x00001424   0x00001424   0x0000002a   Code   RO           75    .text.systick_init  systick.o
    0x0000144e   0x0000144e   0x00000002   PAD
    0x00001450   0x00001450   0x00000038   Code   RO           77    .text.systick_wait  systick.o
    0x00001488   0x00001488   0x000000b8   Code   RO           15    .text.uart0_init    uart.o
    0x00001540   0x00001540   0x0000002e   Code   RO           19    .text.uart0_transmit  uart.o
    0x0000156e   0x0000156e   0x00000002   PAD
    0x00001570   0x00001570   0x000000dc   Code   RO           27    .text.uart0_tx_int32  uart.o
    0x0000164c   0x0000164c   0x00000024   Code   RO           21    .text.uart0_tx_string  uart.o
    0x00001670   0x00001670   0x0000006c   Code   RO           25    .text.uart0_tx_uint8_hex  uart.o
    0x000016dc   0x000016dc   0x0000001a   Code   RO          284    x$fpl$fpinit        fz_wm.l(fpinit.o)
    0x000016f6   0x000016f6   0x00000092   Data   RO            7    .rodata.str1.1      main.o
    0x00001788   0x00001788   0x0000000f   Data   RO           32    .rodata.str1.1      uart.o
    0x00001797   0x00001797   0x0000002a   Data   RO          114    .rodata.str1.1      bme280.o
    0x000017c1   0x000017c1   0x00000003   PAD
    0x000017c4   0x000017c4   0x00000010   Data   RO          345    Region$$Table       anon$$obj.o


    Execution Region ER_RW (Exec base: 0x20000000, Load base: 0x000017d4, Size: 0x00000000, Max: 0xffffffff, ABSOLUTE)

    **** No section assigned to this execution region ****


    Execution Region ER_ZI (Exec base: 0x20000000, Load base: 0x000017d4, Size: 0x000002d0, Max: 0xffffffff, ABSOLUTE)

    Exec Addr    Load Addr    Size         Type   Attr      Idx    E Section Name        Object

    0x20000000        -       0x00000060   Zero   RW          210    .bss                c_w.l(libspace.o)
    0x20000060        -       0x00000001   Zero   RW          127    .bss.dig_H1         bme280.o
    0x20000061   0x000017d4   0x00000001   PAD
    0x20000062        -       0x00000002   Zero   RW          128    .bss.dig_H2         bme280.o
    0x20000064        -       0x00000001   Zero   RW          129    .bss.dig_H3         bme280.o
    0x20000065   0x000017d4   0x00000001   PAD
    0x20000066        -       0x00000002   Zero   RW          130    .bss.dig_H4         bme280.o
    0x20000068        -       0x00000002   Zero   RW          131    .bss.dig_H5         bme280.o
    0x2000006a        -       0x00000001   Zero   RW          132    .bss.dig_H6         bme280.o
    0x2000006b   0x000017d4   0x00000001   PAD
    0x2000006c        -       0x00000002   Zero   RW          118    .bss.dig_P1         bme280.o
    0x2000006e        -       0x00000002   Zero   RW          119    .bss.dig_P2         bme280.o
    0x20000070        -       0x00000002   Zero   RW          120    .bss.dig_P3         bme280.o
    0x20000072        -       0x00000002   Zero   RW          121    .bss.dig_P4         bme280.o
    0x20000074        -       0x00000002   Zero   RW          122    .bss.dig_P5         bme280.o
    0x20000076        -       0x00000002   Zero   RW          123    .bss.dig_P6         bme280.o
    0x20000078        -       0x00000002   Zero   RW          124    .bss.dig_P7         bme280.o
    0x2000007a        -       0x00000002   Zero   RW          125    .bss.dig_P8         bme280.o
    0x2000007c        -       0x00000002   Zero   RW          126    .bss.dig_P9         bme280.o
    0x2000007e        -       0x00000002   Zero   RW          115    .bss.dig_T1         bme280.o
    0x20000080        -       0x00000002   Zero   RW          116    .bss.dig_T2         bme280.o
    0x20000082        -       0x00000002   Zero   RW          117    .bss.dig_T3         bme280.o
    0x20000084        -       0x00000040   Zero   RW           31    .bss.rx_buffer      uart.o
    0x200000c4        -       0x00000001   Zero   RW           29    .bss.rx_head        uart.o
    0x200000c5        -       0x00000001   Zero   RW           30    .bss.rx_tail        uart.o
    0x200000c6   0x000017d4   0x00000002   PAD
    0x200000c8        -       0x00000004   Zero   RW          133    .bss.t_fine         bme280.o
    0x200000cc   0x000017d4   0x00000004   PAD
    0x200000d0        -       0x00000000   Zero   RW          141    HEAP                startup_tm4c123.o
    0x200000d0        -       0x00000200   Zero   RW          140    STACK               startup_tm4c123.o


==============================================================================

Image component sizes


      Code (inc. data)   RO Data    RW Data    ZI Data      Debug   Object Name

      1836          0         42          0         37       4730   bme280.o
       176          0          0          0          0       5970   gpio.o
      1036          0          0          0          0       7805   i2c.o
       224          0        146          0          0       1065   main.o
       126          0          0          0          0       4995   pll.o
       276         24        620          0        512       5500   startup_tm4c123.o
        18          0          0          0          0       6640   system_tm4c123.o
       146          0          0          0          0       1138   systick.o
       710          0         15          0         66       8055   uart.o

    ----------------------------------------------------------------------
      4576         24        842          0        624      45898   Object Totals
         0          0         16          0          0          0   (incl. Generated)
        28          0          3          0          9          0   (incl. Padding)

    ----------------------------------------------------------------------

      Code (inc. data)   RO Data    RW Data    ZI Data      Debug   Library Member Name

         8          0          0          0          0         68   __main.o
         0          0          0          0          0          0   __rtentry.o
        12          0          0          0          0          0   __rtentry2.o
         6          0          0          0          0          0   __rtentry4.o
        94          8          0          0          0          0   __scatter.o
        28          0          0          0          0          0   __scatter_zi.o
        18          0          0          0          0         80   exit.o
         6          0          0          0          0        152   heapauxi.o
         0          0          0          0          0          0   indicate_semi.o
         2          0          0          0          0          0   libinit.o
         6          0          0          0          0          0   libinit2.o
         2          0          0          0          0          0   libshutdown.o
         2          0          0          0          0          0   libshutdown2.o
         8          4          0          0         96         68   libspace.o
       116          0          0          0          0         84   llsdiv.o
       240          0          0          0          0        100   lludivv7m.o
         2          0          0          0          0          0   rtexit.o
        10          0          0          0          0          0   rtexit2.o
        12          4          0          0          0         68   sys_exit.o
        74          0          0          0          0         80   sys_stackheap_outer.o
         2          0          0          0          0         68   use_no_semi.o
        26          0          0          0          0        116   fpinit.o

    ----------------------------------------------------------------------
       682         16          0          0         96        884   Library Totals
         8          0          0          0          0          0   (incl. Padding)

    ----------------------------------------------------------------------

      Code (inc. data)   RO Data    RW Data    ZI Data      Debug   Library Name

       648         16          0          0         96        768   c_w.l
        26          0          0          0          0        116   fz_wm.l

    ----------------------------------------------------------------------
       682         16          0          0         96        884   Library Totals

    ----------------------------------------------------------------------

==============================================================================


      Code (inc. data)   RO Data    RW Data    ZI Data      Debug   

      5258         40        842          0        720      46382   Grand Totals
      5258         40        842          0        720      46382   ELF Image Totals
      5258         40        842          0          0          0   ROM Totals

==============================================================================

    Total RO  Size (Code + RO Data)                 6100 (   5.96kB)
    Total RW  Size (RW Data + ZI Data)               720 (   0.70kB)
    Total ROM Size (Code + RO Data + RW Data)       6100 (   5.96kB)

==============================================================================

